BL51 BANKED LINKER/LOCATER V6.22.4.0                                                    10/15/2025  21:46:46  PAGE 1


BL51 BANKED LINKER/LOCATER V6.22.4.0, INVOKED BY:
D:\APP\KEIL\MDK\C51\BIN\BL51.EXE ..\Output\main.obj, ..\Output\STARTUP_M5.obj, ..\Output\tim.obj, ..\Output\uart.obj, ..
>> \Output\gpio.obj, ..\Output\communication.obj, ..\Output\sys.obj, ..\Output\gui_ctrl.obj, ..\Output\modbus.obj TO ..\
>> Output\OS_Test PRINT (.\Listings\OS_Test.m51) RAMSIZE (256) XDATA (0X8000-0XFFFF)


MEMORY MODEL: LARGE


INPUT MODULES INCLUDED:
  ..\Output\main.obj (MAIN)
  ..\Output\STARTUP_M5.obj (STARTUP_M5)
  ..\Output\tim.obj (TIM)
  ..\Output\uart.obj (UART)
  ..\Output\gpio.obj (GPIO)
  ..\Output\communication.obj (COMMUNICATION)
  ..\Output\sys.obj (SYS)
  ..\Output\gui_ctrl.obj (GUI_CTRL)
  ..\Output\modbus.obj (MODBUS)
  D:\APP\KEIL\MDK\C51\LIB\C51L.LIB (?C_STARTUP)
  D:\APP\KEIL\MDK\C51\LIB\C51L.LIB (?C_INIT)
  D:\APP\KEIL\MDK\C51\LIB\C51L.LIB (?C?COPY)
  D:\APP\KEIL\MDK\C51\LIB\C51L.LIB (?C?CLDPTR)
  D:\APP\KEIL\MDK\C51\LIB\C51L.LIB (?C?CLDOPTR)
  D:\APP\KEIL\MDK\C51\LIB\C51L.LIB (?C?CSTPTR)
  D:\APP\KEIL\MDK\C51\LIB\C51L.LIB (?C?CSTOPTR)
  D:\APP\KEIL\MDK\C51\LIB\C51L.LIB (?C?UIDIV)
  D:\APP\KEIL\MDK\C51\LIB\C51L.LIB (?C?IILDX)
  D:\APP\KEIL\MDK\C51\LIB\C51L.LIB (?C?ILDIX)
  D:\APP\KEIL\MDK\C51\LIB\C51L.LIB (?C?ILDPTR)
  D:\APP\KEIL\MDK\C51\LIB\C51L.LIB (?C?ULDIV)
  D:\APP\KEIL\MDK\C51\LIB\C51L.LIB (?C?ULCMP)
  D:\APP\KEIL\MDK\C51\LIB\C51L.LIB (?C?ULSHR)
  D:\APP\KEIL\MDK\C51\LIB\C51L.LIB (?C?LSTXDATA)
  D:\APP\KEIL\MDK\C51\LIB\C51L.LIB (?C?LSTKXDATA)
  D:\APP\KEIL\MDK\C51\LIB\C51L.LIB (?C?CCASE)
  D:\APP\KEIL\MDK\C51\LIB\C51L.LIB (?C?ICASE)
  D:\APP\KEIL\MDK\C51\LIB\C51L.LIB (PRINTF)
  D:\APP\KEIL\MDK\C51\LIB\C51L.LIB (?C?PLDIXDATA)
  D:\APP\KEIL\MDK\C51\LIB\C51L.LIB (?C?PSTXDATA)


LINK MAP OF MODULE:  ..\Output\OS_Test (MAIN)


            TYPE    BASE      LENGTH    RELOCATION   SEGMENT NAME
            -----------------------------------------------------

            * * * * * * *   D A T A   M E M O R Y   * * * * * * *
            REG     0000H     0008H     ABSOLUTE     "REG BANK 0"
            DATA    0008H     0005H     UNIT         _DATA_GROUP_
            DATA    000DH     0004H     UNIT         ?DT?_DELAY_US?SYS
            DATA    0011H     0002H     UNIT         ?DT?SYS
                    0013H     000DH                  *** GAP ***
            BIT     0020H.0   0001H.1   UNIT         _BIT_GROUP_
            BIT     0021H.1   0000H.6   UNIT         ?BI?UART
            BIT     0021H.7   0000H.1   UNIT         ?BI?TIM
            IDATA   0022H     0001H     UNIT         ?STACK
BL51 BANKED LINKER/LOCATER V6.22.4.0                                                  10/15/2025  21:46:46  PAGE 2



            * * * * * * *  X D A T A   M E M O R Y  * * * * * * *
                    0000H     8000H                  *** GAP ***
            XDATA   8000H     0A16H     UNIT         ?XD?COMMUNICATION
            XDATA   8A16H     0808H     UNIT         ?XD?UART
            XDATA   921EH     011AH     UNIT         _XDATA_GROUP_
            XDATA   9338H     00BBH     UNIT         ?XD?MODBUS
            XDATA   93F3H     0083H     UNIT         ?XD?GUI_CTRL
            XDATA   9476H     0005H     UNIT         ?XD?_UART4_SEND_STR?COMMUNICATION
            XDATA   947BH     0003H     UNIT         ?XD?TIM

            * * * * * * *   C O D E   M E M O R Y   * * * * * * *
            CODE    0000H     0003H     ABSOLUTE     
            CODE    0003H     0007H     UNIT         ?PR?GPIO_INIT?GPIO
                    000AH     0001H                  *** GAP ***
            CODE    000BH     0003H     ABSOLUTE     
            CODE    000EH     0006H     UNIT         ?PR?SYS_INIT?SYS
            CODE    0014H     0006H     UNIT         ?CO?GUI_CTRL
                    001AH     0001H                  *** GAP ***
            CODE    001BH     0003H     ABSOLUTE     
            CODE    001EH     0005H     UNIT         ?PR?_PUTCHAR?COMMUNICATION
            CODE    0023H     0003H     ABSOLUTE     
                    0026H     0005H                  *** GAP ***
            CODE    002BH     0003H     ABSOLUTE     
            CODE    002EH     001CH     UNIT         ?CO?MAIN
                    004AH     0009H                  *** GAP ***
            CODE    0053H     0003H     ABSOLUTE     
                    0056H     000DH                  *** GAP ***
            CODE    0063H     0003H     ABSOLUTE     
                    0066H     0005H                  *** GAP ***
            CODE    006BH     0003H     ABSOLUTE     
            CODE    006EH     0089H     UNIT         ?PR?_TIME_TRANS?GUI_CTRL
                    00F7H     0001H                  *** GAP ***
            CODE    00F8H     000BH     ABSOLUTE     
            CODE    0103H     1704H     UNIT         ?PR?MODBUS_FUN16?MODBUS
            CODE    1807H     041AH     UNIT         ?PR?_GUI_VOL_CTRL?GUI_CTRL
            CODE    1C21H     03BEH     UNIT         ?C?LIB_CODE
            CODE    1FDFH     0365H     UNIT         ?PR?PRINTF?PRINTF
            CODE    2344H     01DEH     UNIT         ?PR?_WRITE_DGUSII_VP_BYCHAR?SYS
            CODE    2522H     0178H     UNIT         ?CO?UART
            CODE    269AH     0166H     UNIT         ?PR?_DEAL_UART_DATA?UART
            CODE    2800H     015DH     UNIT         ?PR?MODBUS_FUN03?MODBUS
            CODE    295DH     015BH     UNIT         ?PR?SW_DATA_SEND?UART
            CODE    2AB8H     012CH     UNIT         ?PR?_SYS_WRITE_VP?SYS
            CODE    2BE4H     010EH     UNIT         ?PR?_SLAVE_TO_MASTER?MODBUS
            CODE    2CF2H     00F7H     UNIT         ?PR?SP350_PARMS_INIT?GUI_CTRL
            CODE    2DE9H     00F2H     UNIT         ?PR?_DEAL_83_CMD?UART
            CODE    2EDBH     00E4H     UNIT         ?PR?_SYS_READ_VP?SYS
            CODE    2FBFH     00E1H     UNIT         ?C_INITSEG
            CODE    30A0H     00DFH     UNIT         ?PR?_DEAL_82_CMD?UART
            CODE    317FH     00CBH     UNIT         ?PR?TIM0_ISR?TIM
            CODE    324AH     00B7H     UNIT         ?PR?UART2_RXTX_ISR?COMMUNICATION
            CODE    3301H     00A0H     UNIT         ?PR?MAIN?MAIN
            CODE    33A1H     008CH     UNIT         ?C_C51STARTUP
            CODE    342DH     0084H     UNIT         ?PR?_WRITE_SLAVE_06?MODBUS
            CODE    34B1H     0081H     UNIT         ?PR?MODBUS_EVENT_UART5?MODBUS
            CODE    3532H     007EH     UNIT         ?PR?MODBUS_FUN06?MODBUS
BL51 BANKED LINKER/LOCATER V6.22.4.0                                                  10/15/2025  21:46:46  PAGE 3


            CODE    35B0H     0079H     UNIT         ?PR?TIM1_ISR?COMMUNICATION
            CODE    3629H     0079H     UNIT         ?PR?_MODBUS_CRC16?MODBUS
            CODE    36A2H     0063H     UNIT         ?PR?UART5_RX_ISR?COMMUNICATION
            CODE    3705H     0061H     UNIT         ?PR?DIWEN_PARMS_INIT?GUI_CTRL
            CODE    3766H     0060H     UNIT         ?PR?_UART2_INIT?UART
            CODE    37C6H     005CH     UNIT         ?PR?MODBUS_EVENT_UART2?MODBUS
            CODE    3822H     0057H     UNIT         ?CO?MODBUS
            CODE    3879H     0052H     UNIT         ?PR?_WRITE_DGUS?SYS
            CODE    38CBH     0050H     UNIT         ?PR?_UART5_INIT?UART
            CODE    391BH     0050H     UNIT         ?PR?_UART_DATA_SEND?UART
            CODE    396BH     004EH     UNIT         ?PR?_UART4_INIT?UART
            CODE    39B9H     004DH     UNIT         ?PR?MODBUS_EVENT_UART4?MODBUS
            CODE    3A06H     0047H     UNIT         ?PR?UART5_TX_ISR?COMMUNICATION
            CODE    3A4DH     0044H     UNIT         ?PR?_READ_DGUS?SYS
            CODE    3A91H     003FH     UNIT         ?PR?_UART4_SEND_STR?COMMUNICATION
            CODE    3AD0H     0037H     UNIT         ?PR?UART_FRAME_DEAL?UART
            CODE    3B07H     002EH     UNIT         ?PR?_DELAY_MS?SYS
            CODE    3B35H     002CH     UNIT         ?PR?_DELAY_US?SYS
            CODE    3B61H     0029H     UNIT         ?PR?SYS_CPU_INIT?SYS
            CODE    3B8AH     001CH     UNIT         ?PR?BURN_PARAMS_INIT?UART
            CODE    3BA6H     001BH     UNIT         ?PR?_UART_SEND_BYTE?UART
            CODE    3BC1H     0019H     UNIT         ?PR?UART5_SEND_STATU_INIT?COMMUNICATION
            CODE    3BDAH     0017H     UNIT         ?PR?UART2_SEND_STATU_INIT?COMMUNICATION
            CODE    3BF1H     0017H     UNIT         ?PR?UART4_SEND_STATU_INIT?COMMUNICATION
            CODE    3C08H     0016H     UNIT         ?PR?_JUMP_PAGE?GUI_CTRL
            CODE    3C1EH     0014H     UNIT         ?PR?SYS_TIMER2_INIT?SYS
            CODE    3C32H     0012H     UNIT         ?PR?SYS_TIMER2_ISR?SYS
            CODE    3C44H     0011H     UNIT         ?PR?TIM0_INIT?TIM
            CODE    3C55H     0011H     UNIT         ?PR?TIM1_INIT?TIM
            CODE    3C66H     000FH     UNIT         ?PR?UART4_TX_ISR?COMMUNICATION
            CODE    3C75H     000EH     UNIT         ?PR?_UART4_SEND_BYTE?COMMUNICATION



OVERLAY MAP OF MODULE:   ..\Output\OS_Test (MAIN)


SEGMENT                                            BIT_GROUP          DATA_GROUP          XDATA_GROUP
  +--> CALLED SEGMENT                           START    LENGTH     START    LENGTH     START    LENGTH
-------------------------------------------------------------------------------------------------------
?C_C51STARTUP                                   -----    -----      -----    -----      -----    -----
  +--> ?PR?MAIN?MAIN
  +--> ?C_INITSEG

?PR?MAIN?MAIN                                   -----    -----      -----    -----      -----    -----
  +--> ?PR?SYS_INIT?SYS
  +--> ?PR?GPIO_INIT?GPIO
  +--> ?PR?BURN_PARAMS_INIT?UART
  +--> ?PR?_UART2_INIT?UART
  +--> ?PR?UART2_SEND_STATU_INIT?COMMUNICATION
  +--> ?PR?_UART4_INIT?UART
  +--> ?PR?UART4_SEND_STATU_INIT?COMMUNICATION
  +--> ?PR?_UART5_INIT?UART
  +--> ?PR?UART5_SEND_STATU_INIT?COMMUNICATION
  +--> ?PR?TIM0_INIT?TIM
  +--> ?PR?TIM1_INIT?TIM
  +--> ?PR?_DELAY_MS?SYS
BL51 BANKED LINKER/LOCATER V6.22.4.0                                                  10/15/2025  21:46:46  PAGE 4


  +--> ?PR?SP350_PARMS_INIT?GUI_CTRL
  +--> ?PR?DIWEN_PARMS_INIT?GUI_CTRL
  +--> ?CO?MAIN
  +--> ?PR?PRINTF?PRINTF
  +--> ?PR?UART_FRAME_DEAL?UART
  +--> ?PR?MODBUS_EVENT_UART2?MODBUS
  +--> ?PR?MODBUS_EVENT_UART4?MODBUS
  +--> ?PR?MODBUS_EVENT_UART5?MODBUS
  +--> ?PR?SW_DATA_SEND?UART
  +--> ?PR?_WRITE_DGUS?SYS

?PR?SYS_INIT?SYS                                -----    -----      -----    -----      -----    -----
  +--> ?PR?SYS_CPU_INIT?SYS
  +--> ?PR?SYS_TIMER2_INIT?SYS

?PR?_UART2_INIT?UART                            -----    -----      -----    -----      921EH    0004H

?PR?_UART4_INIT?UART                            -----    -----      -----    -----      921EH    0004H

?PR?_UART5_INIT?UART                            -----    -----      -----    -----      921EH    0004H

?PR?_DELAY_MS?SYS                               -----    -----      0008H    0004H      -----    -----

?PR?SP350_PARMS_INIT?GUI_CTRL                   -----    -----      -----    -----      -----    -----
  +--> ?PR?_SYS_WRITE_VP?SYS

?PR?_SYS_WRITE_VP?SYS                           -----    -----      -----    -----      9220H    0007H

?PR?PRINTF?PRINTF                               0020H.0  0001H.1    0008H    0005H      928BH    0028H
  +--> ?PR?_PUTCHAR?COMMUNICATION

?PR?_PUTCHAR?COMMUNICATION                      -----    -----      -----    -----      -----    -----
  +--> ?PR?_UART4_SEND_BYTE?COMMUNICATION

?PR?UART_FRAME_DEAL?UART                        -----    -----      -----    -----      -----    -----
  +--> ?PR?_DEAL_UART_DATA?UART

?PR?_DEAL_UART_DATA?UART                        0020H.0  0000H.3    -----    -----      921EH    0108H
  +--> ?PR?_DEAL_82_CMD?UART
  +--> ?CO?UART
  +--> ?PR?_DEAL_83_CMD?UART

?PR?_DEAL_82_CMD?UART                           -----    -----      -----    -----      9326H    000BH
  +--> ?PR?_WRITE_DGUS?SYS
  +--> ?PR?_WRITE_DGUSII_VP_BYCHAR?SYS
  +--> ?CO?UART
  +--> ?PR?_UART_SEND_BYTE?UART

?PR?_WRITE_DGUSII_VP_BYCHAR?SYS                 -----    -----      -----    -----      9331H    0007H

?PR?_DEAL_83_CMD?UART                           -----    -----      -----    -----      9326H    0008H
  +--> ?PR?_SYS_READ_VP?SYS
  +--> ?PR?_UART_SEND_BYTE?UART

?PR?_SYS_READ_VP?SYS                            -----    -----      -----    -----      932EH    0007H

?PR?MODBUS_EVENT_UART2?MODBUS                   -----    -----      -----    -----      -----    -----
BL51 BANKED LINKER/LOCATER V6.22.4.0                                                  10/15/2025  21:46:46  PAGE 5


  +--> ?PR?_MODBUS_CRC16?MODBUS
  +--> ?CO?MODBUS
  +--> ?PR?PRINTF?PRINTF

?PR?_MODBUS_CRC16?MODBUS                        -----    -----      -----    -----      92A3H    0004H

?PR?MODBUS_EVENT_UART4?MODBUS                   -----    -----      -----    -----      -----    -----
  +--> ?PR?_MODBUS_CRC16?MODBUS

?PR?MODBUS_EVENT_UART5?MODBUS                   -----    -----      -----    -----      -----    -----
  +--> ?PR?_MODBUS_CRC16?MODBUS
  +--> ?PR?MODBUS_FUN03?MODBUS
  +--> ?PR?MODBUS_FUN06?MODBUS
  +--> ?PR?MODBUS_FUN16?MODBUS

?PR?MODBUS_FUN03?MODBUS                         -----    -----      -----    -----      921EH    0002H
  +--> ?PR?_SLAVE_TO_MASTER?MODBUS
  +--> ?PR?_WRITE_DGUS?SYS

?PR?_SLAVE_TO_MASTER?MODBUS                     -----    -----      -----    -----      9220H    0003H
  +--> ?PR?_MODBUS_CRC16?MODBUS
  +--> ?PR?_DELAY_MS?SYS

?PR?MODBUS_FUN06?MODBUS                         -----    -----      -----    -----      -----    -----
  +--> ?PR?_SLAVE_TO_MASTER?MODBUS

?PR?MODBUS_FUN16?MODBUS                         -----    -----      -----    -----      921EH    0002H
  +--> ?PR?_SYS_WRITE_VP?SYS
  +--> ?CO?MODBUS
  +--> ?PR?_WRITE_DGUSII_VP_BYCHAR?SYS
  +--> ?PR?_JUMP_PAGE?GUI_CTRL
  +--> ?PR?_TIME_TRANS?GUI_CTRL
  +--> ?PR?_WRITE_DGUS?SYS
  +--> ?PR?_SLAVE_TO_MASTER?MODBUS

?PR?_JUMP_PAGE?GUI_CTRL                         -----    -----      -----    -----      -----    -----
  +--> ?PR?_WRITE_DGUS?SYS

?PR?SW_DATA_SEND?UART                           -----    -----      -----    -----      921EH    006DH
  +--> ?PR?_READ_DGUS?SYS
  +--> ?CO?UART
  +--> ?PR?PRINTF?PRINTF
  +--> ?PR?_GUI_VOL_CTRL?GUI_CTRL
  +--> ?PR?_UART_DATA_SEND?UART
  +--> ?PR?_WRITE_DGUS?SYS

?PR?_GUI_VOL_CTRL?GUI_CTRL                      -----    -----      -----    -----      928BH    000BH
  +--> ?CO?GUI_CTRL
  +--> ?PR?_WRITE_DGUSII_VP_BYCHAR?SYS
  +--> ?PR?_JUMP_PAGE?GUI_CTRL
  +--> ?PR?_WRITE_DGUS?SYS
  +--> ?PR?_WRITE_SLAVE_06?MODBUS

?PR?_WRITE_SLAVE_06?MODBUS                      -----    -----      -----    -----      9296H    000DH
  +--> ?PR?_DELAY_MS?SYS
  +--> ?PR?_MODBUS_CRC16?MODBUS

BL51 BANKED LINKER/LOCATER V6.22.4.0                                                  10/15/2025  21:46:46  PAGE 6


?PR?_UART_DATA_SEND?UART                        0020H.0  0000H.2    -----    -----      928BH    0005H
  +--> ?PR?_UART_SEND_BYTE?UART



SYMBOL TABLE OF MODULE:  ..\Output\OS_Test (MAIN)

  VALUE           TYPE          NAME
  ----------------------------------

  -------         MODULE        MAIN
  C:0000H         SYMBOL        _ICE_DUMMY_
  D:0080H         PUBLIC        P0
  D:0090H         PUBLIC        P1
  B:00A8H.7       PUBLIC        EA
  D:00F8H         PUBLIC        RAMMODE
  D:00A8H         PUBLIC        IEN0
  D:00B8H         PUBLIC        IEN1
  C:3301H         PUBLIC        main
  D:0088H         PUBLIC        TCON
  D:0098H         PUBLIC        SCON0
  D:00C8H         PUBLIC        T2CON
  D:00D0H         PUBLIC        PSW
  D:00C0H         PUBLIC        IRCON
  -------         PROC          MAIN
  C:3301H         LINE#         3
  C:3301H         LINE#         4
  C:3301H         LINE#         5
  C:3304H         LINE#         6
  C:3307H         LINE#         7
  C:330AH         LINE#         9
  C:3315H         LINE#         10
  C:3318H         LINE#         12
  C:3323H         LINE#         13
  C:3326H         LINE#         15
  C:3331H         LINE#         16
  C:3334H         LINE#         18
  C:3337H         LINE#         19
  C:333AH         LINE#         21
  C:333CH         LINE#         22
  C:3343H         LINE#         24
  C:3346H         LINE#         25
  C:3349H         LINE#         27
  C:334BH         LINE#         29
  C:3354H         LINE#         31
  C:3354H         LINE#         32
  C:3354H         LINE#         33
  C:3357H         LINE#         34
  C:335AH         LINE#         35
  C:335DH         LINE#         36
  C:3360H         LINE#         38
  C:3363H         LINE#         39
  C:3363H         LINE#         40
  C:3366H         LINE#         41
  C:3368H         LINE#         42
  C:3368H         LINE#         44
  C:336FH         LINE#         45
BL51 BANKED LINKER/LOCATER V6.22.4.0                                                  10/15/2025  21:46:46  PAGE 7


  C:336FH         LINE#         46
  C:337CH         LINE#         47
  C:338BH         LINE#         48
  C:339AH         LINE#         49
  C:339FH         LINE#         50
  C:339FH         LINE#         51
  -------         ENDPROC       MAIN
  -------         ENDMOD        MAIN

  -------         MODULE        STARTUP_M5
  C:0100H         LINE#         29
  -------         ENDMOD        STARTUP_M5

  -------         MODULE        TIM
  C:0000H         SYMBOL        _ICE_DUMMY_
  D:0080H         PUBLIC        P0
  D:0090H         PUBLIC        P1
  D:00F8H         PUBLIC        RAMMODE
  D:00A8H         PUBLIC        IEN0
  D:00B8H         PUBLIC        IEN1
  D:0089H         PUBLIC        TMOD
  D:0088H         PUBLIC        TCON
  B:00A8H.1       PUBLIC        ET0
  B:00A8H.3       PUBLIC        ET1
  B:0021H.7       PUBLIC        gui_scan_flag
  D:008CH         PUBLIC        TH0
  D:008DH         PUBLIC        TH1
  D:008AH         PUBLIC        TL0
  D:008BH         PUBLIC        TL1
  C:3C44H         PUBLIC        Tim0_Init
  C:3C55H         PUBLIC        Tim1_Init
  B:0088H.4       PUBLIC        TR0
  B:0088H.6       PUBLIC        TR1
  D:0098H         PUBLIC        SCON0
  D:00C8H         PUBLIC        T2CON
  C:317FH         PUBLIC        Tim0_Isr
  D:00D0H         PUBLIC        PSW
  D:00C0H         PUBLIC        IRCON
  -------         PROC          TIM0_INIT
  C:3C44H         LINE#         5
  C:3C44H         LINE#         6
  C:3C44H         LINE#         7
  C:3C47H         LINE#         8
  C:3C4AH         LINE#         10
  C:3C4DH         LINE#         11
  C:3C50H         LINE#         13
  C:3C52H         LINE#         14
  C:3C54H         LINE#         16
  -------         ENDPROC       TIM0_INIT
  -------         PROC          TIM1_INIT
  C:3C55H         LINE#         18
  C:3C55H         LINE#         19
  C:3C55H         LINE#         20
  C:3C58H         LINE#         21
  C:3C5BH         LINE#         23
  C:3C5EH         LINE#         24
  C:3C61H         LINE#         26
BL51 BANKED LINKER/LOCATER V6.22.4.0                                                  10/15/2025  21:46:46  PAGE 8


  C:3C63H         LINE#         27
  C:3C65H         LINE#         29
  -------         ENDPROC       TIM1_INIT
  -------         PROC          TIM0_ISR
  -------         DO            
  X:947BH         SYMBOL        press_scan_cnt
  X:947CH         SYMBOL        paoji_cnt
  -------         ENDDO         
  C:317FH         LINE#         31
  C:3187H         LINE#         36
  C:318AH         LINE#         37
  C:318DH         LINE#         39
  C:3196H         LINE#         40
  C:3196H         LINE#         41
  C:3199H         LINE#         42
  C:3199H         LINE#         44
  C:319CH         LINE#         45
  C:319CH         LINE#         46
  C:31A2H         LINE#         47
  C:31A6H         LINE#         48
  C:31A6H         LINE#         49
  C:31A8H         LINE#         50
  C:31AAH         LINE#         51
  C:31AAH         LINE#         52
  C:31AAH         LINE#         54
  C:31B2H         LINE#         55
  C:31B2H         LINE#         56
  C:31C0H         LINE#         57
  C:31CEH         LINE#         58
  C:31CEH         LINE#         59
  C:31D4H         LINE#         60
  C:31E2H         LINE#         61
  C:31EEH         LINE#         62
  C:31EEH         LINE#         63
  C:31F4H         LINE#         64
  C:3202H         LINE#         65
  C:320EH         LINE#         66
  C:320EH         LINE#         67
  C:3214H         LINE#         68
  C:3222H         LINE#         69
  C:3222H         LINE#         70
  C:3222H         LINE#         71
  C:3228H         LINE#         72
  C:3228H         LINE#         73
  C:322AH         LINE#         74
  C:322AH         LINE#         75
  C:322FH         LINE#         76
  C:323BH         LINE#         77
  C:3241H         LINE#         78
  C:3241H         LINE#         79
  -------         ENDPROC       TIM0_ISR
  -------         ENDMOD        TIM

  -------         MODULE        UART
  C:0000H         SYMBOL        _ICE_DUMMY_
  D:0080H         PUBLIC        P0
  D:0090H         PUBLIC        P1
BL51 BANKED LINKER/LOCATER V6.22.4.0                                                  10/15/2025  21:46:46  PAGE 9


  B:0021H.1       PUBLIC        Auto_data_upload
  B:0021H.2       PUBLIC        Crc_check_flog
  D:00F8H         PUBLIC        RAMMODE
  D:00A8H         PUBLIC        IEN0
  D:00B8H         PUBLIC        IEN1
  C:295DH         PUBLIC        Sw_Data_Send
  B:00B8H.3       PUBLIC        ES2R
  B:00B8H.5       PUBLIC        ES3R
  B:00B8H.2       PUBLIC        ES2T
  B:00B8H.4       PUBLIC        ES3T
  C:3AD0H         PUBLIC        uart_frame_deal
  D:00BAH         PUBLIC        SREL0H
  D:0087H         PUBLIC        PCON
  C:269AH         PUBLIC        _deal_uart_data
  D:00AAH         PUBLIC        SREL0L
  X:8A16H         PUBLIC        T_O2
  D:0088H         PUBLIC        TCON
  C:3B8AH         PUBLIC        burn_params_init
  D:0097H         PUBLIC        SCON2R
  D:00ABH         PUBLIC        SCON3R
  D:00D9H         PUBLIC        BODE2_DIV_H
  D:00AEH         PUBLIC        BODE3_DIV_H
  D:0096H         PUBLIC        SCON2T
  D:00A7H         PUBLIC        SCON3T
  D:00E7H         PUBLIC        BODE2_DIV_L
  D:00AFH         PUBLIC        BODE3_DIV_L
  D:00C9H         PUBLIC        MUX_SEL
  C:2531H         SYMBOL        _?ix1000
  C:2630H         SYMBOL        _?ix1001
  C:2636H         SYMBOL        _?ix1002
  C:3766H         PUBLIC        _Uart2_Init
  C:391BH         PUBLIC        _uart_data_send
  B:00A8H.4       PUBLIC        ES0
  C:396BH         PUBLIC        _Uart4_Init
  C:38CBH         PUBLIC        _Uart5_Init
  X:8A17H         PUBLIC        mima_val
  B:0021H.3       PUBLIC        Busy2
  B:0021H.4       PUBLIC        Busy4
  X:8A1BH         PUBLIC        R_u2
  B:0021H.5       PUBLIC        download_flag
  B:0080H.1       PUBLIC        TR5
  B:0021H.6       PUBLIC        Response_flog
  D:0099H         PUBLIC        SBUF0
  C:3BB1H         PUBLIC        _uart_send_byte
  D:0098H         PUBLIC        SCON0
  D:00D8H         PUBLIC        ADCON
  D:00C8H         PUBLIC        T2CON
  X:921BH         PUBLIC        R_CN2
  X:921DH         PUBLIC        R_OD2
  C:30A0H         PUBLIC        _deal_82_cmd
  C:2DE9H         PUBLIC        _deal_83_cmd
  D:00D0H         PUBLIC        PSW
  D:00C0H         PUBLIC        IRCON
  -------         PROC          BURN_PARAMS_INIT
  C:3B8AH         LINE#         18
  C:3B8AH         LINE#         19
  C:3B8AH         LINE#         20
BL51 BANKED LINKER/LOCATER V6.22.4.0                                                  10/15/2025  21:46:46  PAGE 10


  C:3B8FH         LINE#         21
  C:3B95H         LINE#         22
  C:3B99H         LINE#         23
  C:3B9BH         LINE#         24
  C:3B9DH         LINE#         25
  C:3B9FH         LINE#         26
  C:3BA1H         LINE#         27
  C:3BA3H         LINE#         28
  C:3BA5H         LINE#         29
  -------         ENDPROC       BURN_PARAMS_INIT
  -------         PROC          _UART2_INIT
  X:921EH         SYMBOL        baud
  C:3766H         LINE#         31
  C:376CH         LINE#         32
  C:376CH         LINE#         33
  C:376FH         LINE#         36
  C:3772H         LINE#         37
  C:3775H         LINE#         38
  C:3778H         LINE#         40
  C:37A5H         LINE#         42
  C:37BAH         LINE#         43
  C:37C3H         LINE#         45
  C:37C5H         LINE#         46
  -------         ENDPROC       _UART2_INIT
  -------         PROC          _UART4_INIT
  X:921EH         SYMBOL        baud
  C:396BH         LINE#         48
  C:3971H         LINE#         49
  C:3971H         LINE#         50
  C:3974H         LINE#         51
  C:3977H         LINE#         52
  C:3979H         LINE#         53
  C:397BH         LINE#         55
  C:399AH         LINE#         57
  C:39AFH         LINE#         58
  C:39B8H         LINE#         61
  -------         ENDPROC       _UART4_INIT
  -------         PROC          _UART5_INIT
  X:921EH         SYMBOL        baud
  C:38CBH         LINE#         63
  C:38D1H         LINE#         64
  C:38D1H         LINE#         65
  C:38D4H         LINE#         66
  C:38D7H         LINE#         67
  C:38D9H         LINE#         68
  C:38DBH         LINE#         70
  C:38FAH         LINE#         72
  C:390FH         LINE#         73
  C:3918H         LINE#         75
  C:391AH         LINE#         76
  -------         ENDPROC       _UART5_INIT
  -------         PROC          UART_FRAME_DEAL
  C:3AD0H         LINE#         79
  C:3AD0H         LINE#         80
  C:3AD0H         LINE#         82
  C:3ADDH         LINE#         83
  C:3ADDH         LINE#         84
BL51 BANKED LINKER/LOCATER V6.22.4.0                                                  10/15/2025  21:46:46  PAGE 11


  C:3AE1H         LINE#         85
  C:3AFFH         LINE#         86
  C:3B06H         LINE#         87
  C:3B06H         LINE#         88
  -------         ENDPROC       UART_FRAME_DEAL
  -------         PROC          _DEAL_UART_DATA
  X:921EH         SYMBOL        Arr_rece
  X:9221H         SYMBOL        Data_len
  X:9224H         SYMBOL        Uart_num
  B:0020H.0       SYMBOL        Response
  B:0020H.1       SYMBOL        Crc_ck
  -------         DO            
  X:9225H         SYMBOL        N
  B:0020H.2       SYMBOL        Flog
  -------         DO            
  X:9227H         SYMBOL        Val
  -------         ENDDO         
  -------         ENDDO         
  C:269AH         LINE#         90
  C:26A5H         LINE#         91
  C:26A5H         LINE#         92
  C:26ACH         LINE#         93
  C:26AEH         LINE#         95
  C:26B4H         LINE#         96
  C:26B4H         LINE#         97
  C:26E4H         LINE#         98
  C:26E4H         LINE#         99
  C:26FCH         LINE#         100
  C:26FCH         LINE#         101
  C:2700H         LINE#         102
  C:2704H         LINE#         103
  C:271AH         LINE#         104
  C:271AH         LINE#         105
  C:271CH         LINE#         106
  C:273FH         LINE#         107
  C:273FH         LINE#         108
  C:2751H         LINE#         109
  C:2755H         LINE#         110
  C:2787H         LINE#         111
  C:27B8H         LINE#         112
  C:27BAH         LINE#         113
  C:27BAH         LINE#         114
  C:27C8H         LINE#         115
  C:27C8H         LINE#         116
  C:27C8H         LINE#         117
  C:27EBH         LINE#         118
  C:27EBH         LINE#         119
  C:27F7H         LINE#         120
  C:27FAH         LINE#         122
  C:27FAH         LINE#         123
  C:27FCH         LINE#         124
  C:27FCH         LINE#         125
  C:27FFH         LINE#         126
  -------         ENDPROC       _DEAL_UART_DATA
  -------         PROC          _DEAL_82_CMD
  X:9326H         SYMBOL        Uart
  X:9327H         SYMBOL        arr
BL51 BANKED LINKER/LOCATER V6.22.4.0                                                  10/15/2025  21:46:46  PAGE 12


  -------         DO            
  X:932AH         SYMBOL        i
  -------         DO            
  X:932BH         SYMBOL        Temp_arr
  -------         ENDDO         
  -------         ENDDO         
  C:30A0H         LINE#         128
  C:30AEH         LINE#         129
  C:30AEH         LINE#         130
  C:30B1H         LINE#         132
  C:30B7H         LINE#         133
  C:30B7H         LINE#         134
  C:30D3H         LINE#         135
  C:30D3H         LINE#         136
  C:30DEH         LINE#         137
  C:30E9H         LINE#         138
  C:30EBH         LINE#         139
  C:30EBH         LINE#         140
  C:313DH         LINE#         141
  C:313DH         LINE#         143
  C:3140H         LINE#         144
  C:3140H         LINE#         145
  C:3153H         LINE#         147
  C:3162H         LINE#         148
  C:3162H         LINE#         149
  C:3176H         LINE#         150
  C:317EH         LINE#         151
  C:317EH         LINE#         152
  C:317EH         LINE#         153
  -------         ENDPROC       _DEAL_82_CMD
  -------         PROC          _DEAL_83_CMD
  X:9326H         SYMBOL        Uart
  X:9327H         SYMBOL        arr
  X:932AH         SYMBOL        arr1
  -------         DO            
  X:932DH         SYMBOL        i
  -------         ENDDO         
  C:2DE9H         LINE#         155
  C:2DF7H         LINE#         156
  C:2DF7H         LINE#         157
  C:2DFCH         LINE#         159
  C:2E02H         LINE#         160
  C:2E02H         LINE#         161
  C:2E03H         LINE#         162
  C:2E03H         LINE#         163
  C:2E2EH         LINE#         164
  C:2E38H         LINE#         166
  C:2E82H         LINE#         167
  C:2E9DH         LINE#         169
  C:2EC8H         LINE#         170
  C:2EC8H         LINE#         171
  C:2ED2H         LINE#         172
  C:2EDAH         LINE#         173
  C:2EDAH         LINE#         174
  -------         ENDPROC       _DEAL_83_CMD
  -------         PROC          L?0052
  -------         ENDPROC       L?0052
BL51 BANKED LINKER/LOCATER V6.22.4.0                                                  10/15/2025  21:46:46  PAGE 13


  -------         PROC          _UART_SEND_BYTE
  D:0007H         SYMBOL        Uart_number
  D:0005H         SYMBOL        Dat
  C:3BB1H         LINE#         176
  C:3BB1H         LINE#         177
  C:3BB1H         LINE#         178
  C:3BB3H         LINE#         180
  C:3BB7H         LINE#         181
  C:3BB7H         LINE#         182
  C:3BBAH         LINE#         183
  C:3BBCH         LINE#         184
  C:3BC0H         LINE#         185
  C:3BC0H         LINE#         186
  -------         ENDPROC       _UART_SEND_BYTE
  -------         PROC          SW_DATA_SEND
  -------         DO            
  X:921EH         SYMBOL        Va
  X:9220H         SYMBOL        V1
  X:9222H         SYMBOL        addr_vol
  D:0003H         SYMBOL        val_H
  D:0002H         SYMBOL        val_L
  -------         DO            
  X:9224H         SYMBOL        i
  X:9225H         SYMBOL        Temp
  X:9227H         SYMBOL        Val
  -------         ENDDO         
  -------         ENDDO         
  C:295DH         LINE#         189
  C:295DH         LINE#         190
  C:295DH         LINE#         191
  C:296CH         LINE#         192
  C:297BH         LINE#         197
  C:2986H         LINE#         198
  C:2986H         LINE#         199
  C:298AH         LINE#         200
  C:298EH         LINE#         201
  C:29A0H         LINE#         203
  C:29A6H         LINE#         204
  C:29AAH         LINE#         205
  C:29BAH         LINE#         206
  C:29BEH         LINE#         207
  C:29C7H         LINE#         208
  C:29CAH         LINE#         209
  C:29CDH         LINE#         210
  C:29E1H         LINE#         211
  C:29E1H         LINE#         212
  C:2A01H         LINE#         213
  C:2A1DH         LINE#         214
  C:2A2BH         LINE#         215
  C:2A33H         LINE#         216
  C:2A45H         LINE#         217
  C:2A56H         LINE#         219
  C:2A5CH         LINE#         220
  C:2A60H         LINE#         221
  C:2A67H         LINE#         222
  C:2A67H         LINE#         223
  C:2A7AH         LINE#         224
BL51 BANKED LINKER/LOCATER V6.22.4.0                                                  10/15/2025  21:46:46  PAGE 14


  C:2A7AH         LINE#         225
  C:2A84H         LINE#         226
  C:2A84H         LINE#         227
  C:2A84H         LINE#         229
  C:2A95H         LINE#         231
  C:2AA4H         LINE#         232
  C:2AB7H         LINE#         233
  C:2AB7H         LINE#         234
  -------         ENDPROC       SW_DATA_SEND
  -------         PROC          _UART_DATA_SEND
  X:928BH         SYMBOL        Arr
  X:928EH         SYMBOL        Uartnum
  B:0020H.0       SYMBOL        Outo_send
  B:0020H.1       SYMBOL        Crc_ck
  -------         DO            
  X:928FH         SYMBOL        i
  -------         ENDDO         
  C:391BH         LINE#         237
  C:3929H         LINE#         238
  C:3929H         LINE#         239
  C:392CH         LINE#         240
  C:3930H         LINE#         241
  C:3933H         LINE#         242
  C:3933H         LINE#         243
  C:395AH         LINE#         244
  C:395AH         LINE#         245
  C:3962H         LINE#         246
  C:396AH         LINE#         247
  C:396AH         LINE#         248
  -------         ENDPROC       _UART_DATA_SEND
  -------         ENDMOD        UART

  -------         MODULE        GPIO
  C:0000H         SYMBOL        _ICE_DUMMY_
  D:0080H         PUBLIC        P0
  D:0090H         PUBLIC        P1
  D:00F8H         PUBLIC        RAMMODE
  D:00B7H         PUBLIC        P0MDOUT
  D:00BCH         PUBLIC        P1MDOUT
  D:00A8H         PUBLIC        IEN0
  D:00B8H         PUBLIC        IEN1
  C:0003H         PUBLIC        GPIO_Init
  D:0088H         PUBLIC        TCON
  D:0098H         PUBLIC        SCON0
  D:00C8H         PUBLIC        T2CON
  D:00D0H         PUBLIC        PSW
  D:00C0H         PUBLIC        IRCON
  -------         PROC          GPIO_INIT
  C:0003H         LINE#         3
  C:0003H         LINE#         4
  C:0003H         LINE#         5
  C:0006H         LINE#         6
  C:0009H         LINE#         7
  -------         ENDPROC       GPIO_INIT
  -------         ENDMOD        GPIO

  -------         MODULE        COMMUNICATION
BL51 BANKED LINKER/LOCATER V6.22.4.0                                                  10/15/2025  21:46:46  PAGE 15


  C:0000H         SYMBOL        _ICE_DUMMY_
  D:0080H         PUBLIC        P0
  D:0090H         PUBLIC        P1
  D:00F8H         PUBLIC        RAMMODE
  D:00A8H         PUBLIC        IEN0
  D:00B8H         PUBLIC        IEN1
  C:3C75H         PUBLIC        _uart4_send_byte
  C:324AH         PUBLIC        Uart2_RXTX_Isr
  X:8000H         PUBLIC        rs485_2
  X:8107H         PUBLIC        rs485_4
  X:820EH         PUBLIC        rs485_5
  C:3BDAH         PUBLIC        Uart2_Send_Statu_Init
  C:3BF1H         PUBLIC        Uart4_Send_Statu_Init
  C:3BC1H         PUBLIC        Uart5_Send_Statu_Init
  D:0088H         PUBLIC        TCON
  D:00ABH         PUBLIC        SCON3R
  C:3A91H         PUBLIC        _uart4_send_str
  D:0096H         PUBLIC        SCON2T
  D:00A7H         PUBLIC        SCON3T
  B:0098H.0       PUBLIC        RI0
  B:0098H.1       PUBLIC        TI0
  D:008DH         PUBLIC        TH1
  D:008BH         PUBLIC        TL1
  B:0080H.1       PUBLIC        TR5
  D:0099H         PUBLIC        SBUF0
  D:0098H         PUBLIC        SCON0
  D:00C8H         PUBLIC        T2CON
  C:35B0H         PUBLIC        Tim1_Isr
  C:36A2H         PUBLIC        Uart5_RX_Isr
  C:3C66H         PUBLIC        Uart4_TX_Isr
  D:00ADH         PUBLIC        SBUF3_RX
  C:3A06H         PUBLIC        Uart5_TX_Isr
  D:009EH         PUBLIC        SBUF2_TX
  D:00ACH         PUBLIC        SBUF3_TX
  D:00D0H         PUBLIC        PSW
  C:001EH         PUBLIC        _putchar
  D:00C0H         PUBLIC        IRCON
  -------         PROC          UART2_SEND_STATU_INIT
  C:3BDAH         LINE#         14
  C:3BDAH         LINE#         15
  C:3BDAH         LINE#         16
  C:3BDFH         LINE#         17
  C:3BE3H         LINE#         18
  C:3BE7H         LINE#         19
  C:3BE8H         LINE#         20
  C:3BEAH         LINE#         21
  C:3BEEH         LINE#         22
  C:3BF0H         LINE#         24
  -------         ENDPROC       UART2_SEND_STATU_INIT
  -------         PROC          UART4_SEND_STATU_INIT
  C:3BF1H         LINE#         33
  C:3BF1H         LINE#         34
  C:3BF1H         LINE#         35
  C:3BF6H         LINE#         36
  C:3BFAH         LINE#         37
  C:3BFEH         LINE#         38
  C:3BFFH         LINE#         39
BL51 BANKED LINKER/LOCATER V6.22.4.0                                                  10/15/2025  21:46:46  PAGE 16


  C:3C01H         LINE#         40
  C:3C05H         LINE#         41
  C:3C07H         LINE#         43
  -------         ENDPROC       UART4_SEND_STATU_INIT
  -------         PROC          UART5_SEND_STATU_INIT
  C:3BC1H         LINE#         52
  C:3BC1H         LINE#         53
  C:3BC1H         LINE#         54
  C:3BC6H         LINE#         55
  C:3BCAH         LINE#         56
  C:3BCEH         LINE#         57
  C:3BCFH         LINE#         58
  C:3BD1H         LINE#         59
  C:3BD5H         LINE#         60
  C:3BD9H         LINE#         62
  -------         ENDPROC       UART5_SEND_STATU_INIT
  -------         PROC          UART2_RXTX_ISR
  C:324AH         LINE#         71
  C:3259H         LINE#         75
  C:325CH         LINE#         76
  C:325CH         LINE#         78
  C:325EH         LINE#         79
  C:3260H         LINE#         81
  C:3263H         LINE#         82
  C:3263H         LINE#         83
  C:3269H         LINE#         84
  C:3269H         LINE#         85
  C:327BH         LINE#         86
  C:3281H         LINE#         87
  C:3283H         LINE#         88
  C:3283H         LINE#         89
  C:3288H         LINE#         91
  C:3288H         LINE#         92
  C:3288H         LINE#         93
  C:3288H         LINE#         96
  C:328BH         LINE#         97
  C:328BH         LINE#         99
  C:328DH         LINE#         101
  C:32A1H         LINE#         102
  C:32A7H         LINE#         103
  C:32B0H         LINE#         104
  C:32B0H         LINE#         105
  C:32BEH         LINE#         106
  C:32BEH         LINE#         107
  C:32C4H         LINE#         110
  C:32CAH         LINE#         111
  C:32CAH         LINE#         113
  C:32D3H         LINE#         114
  C:32D3H         LINE#         115
  C:32D5H         LINE#         116
  C:32D5H         LINE#         119
  C:32E5H         LINE#         120
  C:32EBH         LINE#         121
  C:32EBH         LINE#         123
  C:32F4H         LINE#         124
  C:32F4H         LINE#         126
  -------         ENDPROC       UART2_RXTX_ISR
BL51 BANKED LINKER/LOCATER V6.22.4.0                                                  10/15/2025  21:46:46  PAGE 17


  -------         PROC          UART4_TX_ISR
  C:3C66H         LINE#         136
  C:3C68H         LINE#         139
  C:3C6DH         LINE#         140
  C:3C6DH         LINE#         142
  C:3C70H         LINE#         143
  C:3C72H         LINE#         154
  C:3C72H         LINE#         155
  -------         ENDPROC       UART4_TX_ISR
  -------         PROC          UART5_TX_ISR
  C:3A06H         LINE#         197
  C:3A13H         LINE#         200
  C:3A18H         LINE#         201
  C:3A18H         LINE#         203
  C:3A1BH         LINE#         205
  C:3A21H         LINE#         206
  C:3A21H         LINE#         207
  C:3A33H         LINE#         208
  C:3A39H         LINE#         209
  C:3A3BH         LINE#         210
  C:3A3BH         LINE#         211
  C:3A40H         LINE#         212
  C:3A42H         LINE#         213
  C:3A42H         LINE#         214
  C:3A42H         LINE#         215
  -------         ENDPROC       UART5_TX_ISR
  -------         PROC          UART5_RX_ISR
  C:36A2H         LINE#         224
  C:36AFH         LINE#         227
  C:36B4H         LINE#         228
  C:36B4H         LINE#         230
  C:36B7H         LINE#         233
  C:36BDH         LINE#         234
  C:36BDH         LINE#         236
  C:36CCH         LINE#         237
  C:36CCH         LINE#         238
  C:36D0H         LINE#         239
  C:36D0H         LINE#         242
  C:36E3H         LINE#         243
  C:36F1H         LINE#         244
  C:36F1H         LINE#         246
  C:36FAH         LINE#         247
  C:36FAH         LINE#         248
  -------         ENDPROC       UART5_RX_ISR
  -------         PROC          TIM1_ISR
  C:35B0H         LINE#         250
  C:35B8H         LINE#         252
  C:35BBH         LINE#         253
  C:35BEH         LINE#         256
  C:35C8H         LINE#         257
  C:35C8H         LINE#         258
  C:35D6H         LINE#         260
  C:35DDH         LINE#         261
  C:35DDH         LINE#         262
  C:35E6H         LINE#         263
  C:35E6H         LINE#         265
  C:35ECH         LINE#         266
BL51 BANKED LINKER/LOCATER V6.22.4.0                                                  10/15/2025  21:46:46  PAGE 18


  C:35ECH         LINE#         267
  C:35ECH         LINE#         268
  C:35ECH         LINE#         286
  C:35F6H         LINE#         287
  C:35F6H         LINE#         288
  C:3604H         LINE#         290
  C:360BH         LINE#         291
  C:360BH         LINE#         292
  C:361AH         LINE#         293
  C:361AH         LINE#         295
  C:3620H         LINE#         296
  C:3620H         LINE#         297
  C:3620H         LINE#         298
  C:3620H         LINE#         299
  -------         ENDPROC       TIM1_ISR
  -------         PROC          _UART4_SEND_BYTE
  D:0007H         SYMBOL        byte
  C:3C75H         LINE#         302
  C:3C75H         LINE#         303
  C:3C75H         LINE#         304
  C:3C78H         LINE#         305
  C:3C7AH         LINE#         306
  C:3C7DH         LINE#         307
  C:3C7FH         LINE#         308
  C:3C82H         LINE#         309
  -------         ENDPROC       _UART4_SEND_BYTE
  -------         PROC          _UART4_SEND_STR
  X:9476H         SYMBOL        str
  X:9479H         SYMBOL        len
  -------         DO            
  D:0004H         SYMBOL        i
  -------         ENDDO         
  C:3A91H         LINE#         311
  C:3AA2H         LINE#         312
  C:3AA2H         LINE#         315
  C:3AB2H         LINE#         316
  C:3AB2H         LINE#         317
  C:3AC8H         LINE#         318
  C:3ACFH         LINE#         319
  -------         ENDPROC       _UART4_SEND_STR
  -------         PROC          _PUTCHAR
  D:0006H         SYMBOL        c
  C:001EH         LINE#         321
  C:0020H         LINE#         322
  C:0020H         LINE#         323
  -------         ENDPROC       _PUTCHAR
  -------         ENDMOD        COMMUNICATION

  -------         MODULE        SYS
  C:0000H         SYMBOL        _ICE_DUMMY_
  D:00F1H         PUBLIC        ADR_H
  D:0080H         PUBLIC        P0
  D:0090H         PUBLIC        P1
  C:3879H         PUBLIC        _Write_Dgus
  D:00F3H         PUBLIC        ADR_L
  D:0094H         PUBLIC        PAGESEL
  D:00F2H         PUBLIC        ADR_M
BL51 BANKED LINKER/LOCATER V6.22.4.0                                                  10/15/2025  21:46:46  PAGE 19


  B:00A8H.7       PUBLIC        EA
  D:00F8H         PUBLIC        RAMMODE
  D:00A8H         PUBLIC        IEN0
  D:00B8H         PUBLIC        IEN1
  D:009AH         PUBLIC        IEN2
  B:00F8H.4       PUBLIC        APP_ACK
  D:00F4H         PUBLIC        ADR_INC
  C:3B61H         PUBLIC        sys_cpu_init
  C:2EDBH         PUBLIC        _sys_read_vp
  D:0095H         PUBLIC        D_PAGESEL
  C:3C1EH         PUBLIC        sys_timer2_init
  D:00F9H         PUBLIC        PORTDRV
  D:0088H         PUBLIC        TCON
  C:2AB8H         PUBLIC        _sys_write_vp
  C:2344H         PUBLIC        _Write_Dgusii_Vp_byChar
  D:00C9H         PUBLIC        MUX_SEL
  C:3C32H         PUBLIC        sys_timer2_isr
  D:00A9H         PUBLIC        IP0
  D:00B9H         PUBLIC        IP1
  D:00FDH         PUBLIC        DATA0
  D:00FCH         PUBLIC        DATA1
  B:00C0H.6       PUBLIC        TF2
  D:00FBH         PUBLIC        DATA2
  D:0011H         SYMBOL        SysTick
  D:00FAH         PUBLIC        DATA3
  D:00CDH         PUBLIC        TH2
  D:00CCH         PUBLIC        TL2
  C:3B07H         PUBLIC        _delay_ms
  B:00F8H.6       PUBLIC        APP_EN
  B:00D0H.3       PUBLIC        RS0
  B:00D0H.4       PUBLIC        RS1
  D:0093H         PUBLIC        DPC
  B:00C8H.0       PUBLIC        TR2
  C:3B35H         PUBLIC        _delay_us
  D:0098H         PUBLIC        SCON0
  D:00C8H         PUBLIC        T2CON
  D:00CBH         PUBLIC        TRL2H
  D:008EH         PUBLIC        CKCON
  D:00CAH         PUBLIC        TRL2L
  C:3A4DH         PUBLIC        _Read_Dgus
  C:000EH         PUBLIC        sys_init
  D:00D0H         PUBLIC        PSW
  D:00C0H         PUBLIC        IRCON
  -------         PROC          SYS_CPU_INIT
  C:3B61H         LINE#         7
  C:3B61H         LINE#         8
  C:3B61H         LINE#         9
  C:3B63H         LINE#         10
  C:3B65H         LINE#         11
  C:3B67H         LINE#         13
  C:3B6AH         LINE#         14
  C:3B6DH         LINE#         15
  C:3B6FH         LINE#         16
  C:3B72H         LINE#         17
  C:3B75H         LINE#         18
  C:3B77H         LINE#         19
  C:3B79H         LINE#         20
BL51 BANKED LINKER/LOCATER V6.22.4.0                                                  10/15/2025  21:46:46  PAGE 20


  C:3B7CH         LINE#         21
  C:3B7EH         LINE#         22
  C:3B80H         LINE#         23
  C:3B82H         LINE#         24
  C:3B84H         LINE#         25
  C:3B86H         LINE#         27
  C:3B89H         LINE#         28
  -------         ENDPROC       SYS_CPU_INIT
  -------         PROC          SYS_TIMER2_INIT
  C:3C1EH         LINE#         31
  C:3C1EH         LINE#         32
  C:3C1EH         LINE#         33
  C:3C21H         LINE#         34
  C:3C24H         LINE#         35
  C:3C26H         LINE#         37
  C:3C29H         LINE#         38
  C:3C2CH         LINE#         40
  C:3C2FH         LINE#         41
  C:3C31H         LINE#         42
  -------         ENDPROC       SYS_TIMER2_INIT
  -------         PROC          SYS_INIT
  C:000EH         LINE#         45
  C:000EH         LINE#         46
  C:000EH         LINE#         47
  C:0011H         LINE#         48
  -------         ENDPROC       SYS_INIT
  -------         PROC          _DELAY_MS
  D:0006H         SYMBOL        ms
  -------         DO            
  D:0008H         SYMBOL        mi
  D:000AH         SYMBOL        mj
  -------         ENDDO         
  C:3B07H         LINE#         69
  C:3B07H         LINE#         70
  C:3B07H         LINE#         72
  C:3B15H         LINE#         73
  C:3B34H         LINE#         74
  -------         ENDPROC       _DELAY_MS
  -------         PROC          _DELAY_US
  D:0006H         SYMBOL        us
  -------         DO            
  D:000DH         SYMBOL        ui
  D:000FH         SYMBOL        uj
  -------         ENDDO         
  C:3B35H         LINE#         76
  C:3B35H         LINE#         77
  C:3B35H         LINE#         79
  C:3B43H         LINE#         80
  C:3B60H         LINE#         81
  -------         ENDPROC       _DELAY_US
  -------         PROC          _READ_DGUS
  D:0004H         SYMBOL        Dgus_Addr
  -------         DO            
  D:0002H         SYMBOL        R_Dgus
  -------         ENDDO         
  C:3A4DH         LINE#         83
  C:3A51H         LINE#         84
BL51 BANKED LINKER/LOCATER V6.22.4.0                                                  10/15/2025  21:46:46  PAGE 21


  C:3A54H         LINE#         86
  C:3A56H         LINE#         87
  C:3A5DH         LINE#         88
  C:3A64H         LINE#         89
  C:3A67H         LINE#         90
  C:3A6AH         LINE#         91
  C:3A6CH         LINE#         92
  C:3A6FH         LINE#         93
  C:3A7BH         LINE#         94
  C:3A89H         LINE#         95
  C:3A8CH         LINE#         97
  C:3A90H         LINE#         98
  -------         ENDPROC       _READ_DGUS
  -------         PROC          _WRITE_DGUS
  D:0002H         SYMBOL        Dgus_Addr
  D:0004H         SYMBOL        Val
  C:3879H         LINE#         100
  C:387DH         LINE#         101
  C:387DH         LINE#         103
  C:3880H         LINE#         104
  C:3887H         LINE#         105
  C:388EH         LINE#         106
  C:3891H         LINE#         107
  C:3894H         LINE#         108
  C:3896H         LINE#         109
  C:3899H         LINE#         110
  C:389CH         LINE#         111
  C:38A3H         LINE#         112
  C:38AAH         LINE#         113
  C:38ADH         LINE#         114
  C:38B0H         LINE#         115
  C:38BBH         LINE#         116
  C:38C2H         LINE#         117
  C:38C4H         LINE#         118
  C:38C7H         LINE#         119
  C:38CAH         LINE#         121
  -------         ENDPROC       _WRITE_DGUS
  -------         PROC          _SYS_READ_VP
  D:0004H         SYMBOL        addr
  X:9330H         SYMBOL        buf
  X:9333H         SYMBOL        len
  -------         DO            
  D:0003H         SYMBOL        i
  -------         ENDDO         
  C:2EDBH         LINE#         127
  C:2EEAH         LINE#         128
  C:2EEAH         LINE#         131
  C:2EEEH         LINE#         132
  C:2EF5H         LINE#         133
  C:2EF8H         LINE#         134
  C:2EFBH         LINE#         135
  C:2EFFH         LINE#         136
  C:2F02H         LINE#         137
  C:2F05H         LINE#         138
  C:2F08H         LINE#         139
  C:2F1AH         LINE#         140
  C:2F1AH         LINE#         141
BL51 BANKED LINKER/LOCATER V6.22.4.0                                                  10/15/2025  21:46:46  PAGE 22


  C:2F1CH         LINE#         142
  C:2F1FH         LINE#         143
  C:2F31H         LINE#         144
  C:2F31H         LINE#         145
  C:2F46H         LINE#         146
  C:2F5BH         LINE#         147
  C:2F5DH         LINE#         148
  C:2F6BH         LINE#         149
  C:2F6BH         LINE#         150
  C:2F7EH         LINE#         151
  C:2F7EH         LINE#         152
  C:2F93H         LINE#         153
  C:2FA8H         LINE#         154
  C:2FAAH         LINE#         155
  C:2FB8H         LINE#         156
  C:2FB8H         LINE#         157
  C:2FBBH         LINE#         158
  C:2FBEH         LINE#         159
  -------         ENDPROC       _SYS_READ_VP
  -------         PROC          _SYS_WRITE_VP
  D:0004H         SYMBOL        addr
  X:9222H         SYMBOL        buf
  X:9225H         SYMBOL        len
  -------         DO            
  D:0003H         SYMBOL        i
  -------         ENDDO         
  C:2AB8H         LINE#         165
  C:2AC7H         LINE#         166
  C:2AC7H         LINE#         169
  C:2ACBH         LINE#         170
  C:2AD2H         LINE#         171
  C:2AD5H         LINE#         172
  C:2AD8H         LINE#         173
  C:2ADCH         LINE#         174
  C:2ADFH         LINE#         175
  C:2AE2H         LINE#         176
  C:2AE5H         LINE#         177
  C:2AF7H         LINE#         178
  C:2AF7H         LINE#         179
  C:2AFAH         LINE#         180
  C:2B0FH         LINE#         181
  C:2B24H         LINE#         182
  C:2B26H         LINE#         183
  C:2B34H         LINE#         184
  C:2B34H         LINE#         185
  C:2B37H         LINE#         186
  C:2B47H         LINE#         187
  C:2B47H         LINE#         188
  C:2B5CH         LINE#         189
  C:2B71H         LINE#         190
  C:2B86H         LINE#         191
  C:2B9BH         LINE#         192
  C:2B9DH         LINE#         193
  C:2BABH         LINE#         194
  C:2BADH         LINE#         195
  C:2BB1H         LINE#         196
  C:2BB1H         LINE#         197
BL51 BANKED LINKER/LOCATER V6.22.4.0                                                  10/15/2025  21:46:46  PAGE 23


  C:2BB4H         LINE#         198
  C:2BC9H         LINE#         199
  C:2BDEH         LINE#         200
  C:2BE0H         LINE#         201
  C:2BE0H         LINE#         202
  C:2BE3H         LINE#         203
  -------         ENDPROC       _SYS_WRITE_VP
  -------         PROC          _WRITE_DGUSII_VP_BYCHAR
  D:0004H         SYMBOL        addr
  X:9333H         SYMBOL        buf
  X:9336H         SYMBOL        len
  -------         DO            
  D:0003H         SYMBOL        i
  -------         ENDDO         
  C:2344H         LINE#         206
  C:2353H         LINE#         207
  C:2353H         LINE#         212
  C:2357H         LINE#         213
  C:235EH         LINE#         214
  C:2361H         LINE#         215
  C:2364H         LINE#         216
  C:2368H         LINE#         217
  C:236BH         LINE#         218
  C:236EH         LINE#         219
  C:2371H         LINE#         220
  C:2384H         LINE#         221
  C:238AH         LINE#         222
  C:238DH         LINE#         223
  C:23A2H         LINE#         224
  C:23A4H         LINE#         225
  C:23A7H         LINE#         226
  C:23ADH         LINE#         227
  C:23AFH         LINE#         228
  C:23B2H         LINE#         229
  C:23C7H         LINE#         230
  C:23DCH         LINE#         231
  C:23DEH         LINE#         232
  C:23E1H         LINE#         233
  C:23EFH         LINE#         234
  C:23EFH         LINE#         235
  C:23EFH         LINE#         236
  C:23F2H         LINE#         237
  C:2402H         LINE#         238
  C:2417H         LINE#         239
  C:242CH         LINE#         240
  C:2441H         LINE#         241
  C:2456H         LINE#         242
  C:2458H         LINE#         243
  C:245BH         LINE#         244
  C:2469H         LINE#         245
  C:246BH         LINE#         247
  C:2471H         LINE#         248
  C:2474H         LINE#         249
  C:2489H         LINE#         250
  C:249EH         LINE#         251
  C:24B3H         LINE#         252
  C:24B5H         LINE#         253
BL51 BANKED LINKER/LOCATER V6.22.4.0                                                  10/15/2025  21:46:46  PAGE 24


  C:24BAH         LINE#         254
  C:24C7H         LINE#         255
  C:24CAH         LINE#         256
  C:24DFH         LINE#         257
  C:24F4H         LINE#         258
  C:24F6H         LINE#         259
  C:24FBH         LINE#         260
  C:2501H         LINE#         261
  C:2504H         LINE#         262
  C:2519H         LINE#         263
  C:251BH         LINE#         264
  C:251EH         LINE#         265
  C:251EH         LINE#         266
  C:2521H         LINE#         268
  -------         ENDPROC       _WRITE_DGUSII_VP_BYCHAR
  -------         PROC          SYS_TIMER2_ISR
  C:3C32H         LINE#         271
  C:3C34H         LINE#         273
  C:3C36H         LINE#         274
  C:3C3EH         LINE#         275
  C:3C41H         LINE#         276
  -------         ENDPROC       SYS_TIMER2_ISR
  -------         ENDMOD        SYS

  -------         MODULE        GUI_CTRL
  C:0000H         SYMBOL        _ICE_DUMMY_
  D:0080H         PUBLIC        P0
  X:93F4H         PUBLIC        hansen
  D:0090H         PUBLIC        P1
  D:00F8H         PUBLIC        RAMMODE
  D:00A8H         PUBLIC        IEN0
  D:00B8H         PUBLIC        IEN1
  C:1807H         PUBLIC        _gui_vol_ctrl
  C:2CF2H         PUBLIC        sp350_parms_init
  D:0088H         PUBLIC        TCON
  C:3705H         PUBLIC        diwen_parms_init
  C:006EH         PUBLIC        _time_trans
  C:3C08H         PUBLIC        _jump_page
  C:0014H         SYMBOL        _?ix1000
  C:0016H         SYMBOL        _?ix1001
  D:0098H         PUBLIC        SCON0
  D:00C8H         PUBLIC        T2CON
  X:9458H         PUBLIC        dayin_t
  D:00D0H         PUBLIC        PSW
  X:9464H         PUBLIC        sp350
  D:00C0H         PUBLIC        IRCON
  -------         PROC          SP350_PARMS_INIT
  C:2CF2H         LINE#         7
  C:2CF2H         LINE#         8
  C:2CF2H         LINE#         9
  C:2CFBH         LINE#         10
  C:2D02H         LINE#         11
  C:2D09H         LINE#         12
  C:2D0FH         LINE#         13
  C:2D15H         LINE#         14
  C:2D1BH         LINE#         15
  C:2D21H         LINE#         16
BL51 BANKED LINKER/LOCATER V6.22.4.0                                                  10/15/2025  21:46:46  PAGE 25


  C:2D27H         LINE#         17
  C:2D2DH         LINE#         19
  C:2D41H         LINE#         20
  C:2D56H         LINE#         21
  C:2D6BH         LINE#         23
  C:2D80H         LINE#         24
  C:2D95H         LINE#         25
  C:2DAAH         LINE#         27
  C:2DBFH         LINE#         29
  C:2DD4H         LINE#         30
  -------         ENDPROC       SP350_PARMS_INIT
  -------         PROC          DIWEN_PARMS_INIT
  C:3705H         LINE#         33
  C:3705H         LINE#         34
  C:3705H         LINE#         35
  C:370CH         LINE#         36
  C:3710H         LINE#         37
  C:3716H         LINE#         38
  C:371AH         LINE#         39
  C:3723H         LINE#         40
  C:372CH         LINE#         41
  C:3733H         LINE#         42
  C:3737H         LINE#         43
  C:373BH         LINE#         44
  C:373FH         LINE#         45
  C:3743H         LINE#         46
  C:3747H         LINE#         47
  C:374EH         LINE#         49
  C:3757H         LINE#         50
  C:3765H         LINE#         51
  -------         ENDPROC       DIWEN_PARMS_INIT
  -------         PROC          _GUI_VOL_CTRL
  X:928BH         SYMBOL        addr
  X:928DH         SYMBOL        val_H
  X:928EH         SYMBOL        val_L
  -------         DO            
  X:928FH         SYMBOL        val_tab
  X:9291H         SYMBOL        utf_tab
  X:9295H         SYMBOL        i
  X:93F3H         SYMBOL        addr_20a0
  -------         ENDDO         
  C:1807H         LINE#         53
  C:1815H         LINE#         54
  C:1815H         LINE#         55
  C:1828H         LINE#         56
  C:183BH         LINE#         57
  C:1840H         LINE#         60
  C:18C4H         LINE#         61
  C:18C4H         LINE#         72
  C:18C4H         LINE#         73
  C:18D1H         LINE#         75
  C:18D4H         LINE#         77
  C:18D4H         LINE#         78
  C:18E1H         LINE#         80
  C:18E4H         LINE#         82
  C:18E4H         LINE#         83
  C:18F1H         LINE#         85
BL51 BANKED LINKER/LOCATER V6.22.4.0                                                  10/15/2025  21:46:46  PAGE 26


  C:18F4H         LINE#         87
  C:18F4H         LINE#         88
  C:1901H         LINE#         90
  C:1904H         LINE#         92
  C:1904H         LINE#         93
  C:1911H         LINE#         95
  C:1914H         LINE#         97
  C:1914H         LINE#         98
  C:191BH         LINE#         99
  C:192DH         LINE#         100
  C:192DH         LINE#         101
  C:1935H         LINE#         102
  C:193DH         LINE#         103
  C:1945H         LINE#         104
  C:1945H         LINE#         105
  C:1945H         LINE#         107
  C:1945H         LINE#         109
  C:1945H         LINE#         110
  C:194CH         LINE#         111
  C:195EH         LINE#         112
  C:195EH         LINE#         113
  C:1966H         LINE#         114
  C:196EH         LINE#         115
  C:1976H         LINE#         116
  C:1976H         LINE#         117
  C:1976H         LINE#         119
  C:1976H         LINE#         121
  C:1976H         LINE#         122
  C:197DH         LINE#         123
  C:198FH         LINE#         124
  C:198FH         LINE#         125
  C:1997H         LINE#         126
  C:199FH         LINE#         127
  C:19A7H         LINE#         128
  C:19A7H         LINE#         129
  C:19A7H         LINE#         131
  C:19A7H         LINE#         133
  C:19A7H         LINE#         134
  C:19AEH         LINE#         135
  C:19C0H         LINE#         136
  C:19C0H         LINE#         137
  C:19C8H         LINE#         138
  C:19D0H         LINE#         139
  C:19D8H         LINE#         140
  C:19D8H         LINE#         141
  C:19D8H         LINE#         143
  C:19D8H         LINE#         145
  C:19D8H         LINE#         146
  C:19DFH         LINE#         147
  C:19F3H         LINE#         148
  C:19F3H         LINE#         149
  C:19F9H         LINE#         150
  C:1A01H         LINE#         151
  C:1A09H         LINE#         152
  C:1A14H         LINE#         153
  C:1A14H         LINE#         154
  C:1A14H         LINE#         156
BL51 BANKED LINKER/LOCATER V6.22.4.0                                                  10/15/2025  21:46:46  PAGE 27


  C:1A14H         LINE#         158
  C:1A14H         LINE#         159
  C:1A21H         LINE#         161
  C:1A23H         LINE#         163
  C:1A23H         LINE#         164
  C:1A31H         LINE#         166
  C:1A34H         LINE#         168
  C:1A34H         LINE#         170
  C:1A4AH         LINE#         172
  C:1A4AH         LINE#         174
  C:1A4AH         LINE#         175
  C:1A4BH         LINE#         176
  C:1A4EH         LINE#         178
  C:1A4EH         LINE#         179
  C:1A6DH         LINE#         180
  C:1A6DH         LINE#         181
  C:1A72H         LINE#         182
  C:1A7CH         LINE#         183
  C:1A87H         LINE#         184
  C:1A92H         LINE#         185
  C:1A92H         LINE#         187
  C:1A92H         LINE#         189
  C:1A92H         LINE#         190
  C:1A9CH         LINE#         191
  C:1A9CH         LINE#         192
  C:1AA2H         LINE#         193
  C:1AA7H         LINE#         194
  C:1AA9H         LINE#         195
  C:1AA9H         LINE#         196
  C:1AAFH         LINE#         197
  C:1AB8H         LINE#         198
  C:1AC2H         LINE#         199
  C:1ACCH         LINE#         200
  C:1AD1H         LINE#         201
  C:1AD6H         LINE#         202
  C:1AD6H         LINE#         203
  C:1ADEH         LINE#         205
  C:1ADFH         LINE#         207
  C:1ADFH         LINE#         208
  C:1AE7H         LINE#         209
  C:1AE7H         LINE#         210
  C:1AF0H         LINE#         211
  C:1AF0H         LINE#         212
  C:1AF8H         LINE#         213
  C:1AF8H         LINE#         214
  C:1B00H         LINE#         215
  C:1B00H         LINE#         216
  C:1B01H         LINE#         218
  C:1B01H         LINE#         219
  C:1B0EH         LINE#         220
  C:1B0FH         LINE#         222
  C:1B0FH         LINE#         223
  C:1B1CH         LINE#         224
  C:1B1DH         LINE#         225
  C:1B1FH         LINE#         227
  C:1B1FH         LINE#         228
  C:1B28H         LINE#         229
BL51 BANKED LINKER/LOCATER V6.22.4.0                                                  10/15/2025  21:46:46  PAGE 28


  C:1B2CH         LINE#         230
  C:1B2CH         LINE#         232
  C:1B2CH         LINE#         233
  C:1B39H         LINE#         234
  C:1B3CH         LINE#         236
  C:1B3EH         LINE#         238
  C:1B3EH         LINE#         239
  C:1B4DH         LINE#         240
  C:1B59H         LINE#         242
  C:1B5CH         LINE#         244
  C:1B5CH         LINE#         245
  C:1B69H         LINE#         246
  C:1B76H         LINE#         248
  C:1B78H         LINE#         252
  C:1B78H         LINE#         253
  C:1B85H         LINE#         254
  C:1B88H         LINE#         256
  C:1B8AH         LINE#         258
  C:1B8AH         LINE#         259
  C:1B99H         LINE#         260
  C:1BA5H         LINE#         262
  C:1BA7H         LINE#         264
  C:1BA7H         LINE#         265
  C:1BB4H         LINE#         266
  C:1BC1H         LINE#         268
  C:1BC3H         LINE#         270
  C:1BC3H         LINE#         271
  C:1BD0H         LINE#         272
  C:1BDEH         LINE#         274
  C:1BE0H         LINE#         276
  C:1BE0H         LINE#         277
  C:1BEFH         LINE#         278
  C:1BFBH         LINE#         280
  C:1BFDH         LINE#         282
  C:1BFDH         LINE#         283
  C:1C0AH         LINE#         284
  C:1C20H         LINE#         286
  C:1C20H         LINE#         288
  C:1C20H         LINE#         289
  C:1C20H         LINE#         290
  C:1C20H         LINE#         291
  -------         ENDPROC       _GUI_VOL_CTRL
  -------         PROC          _JUMP_PAGE
  D:0007H         SYMBOL        page_num
  C:3C08H         LINE#         294
  C:3C08H         LINE#         295
  C:3C08H         LINE#         296
  C:3C13H         LINE#         298
  -------         ENDPROC       _JUMP_PAGE
  -------         PROC          _TIME_TRANS
  D:0002H         SYMBOL        time_val
  D:0005H         SYMBOL        num
  C:006EH         LINE#         301
  C:0072H         LINE#         302
  C:0072H         LINE#         303
  C:0079H         LINE#         304
  C:0079H         LINE#         305
BL51 BANKED LINKER/LOCATER V6.22.4.0                                                  10/15/2025  21:46:46  PAGE 29


  C:0084H         LINE#         306
  C:00A4H         LINE#         307
  C:00B2H         LINE#         308
  C:00B4H         LINE#         309
  C:00B4H         LINE#         310
  C:00C3H         LINE#         311
  C:00E3H         LINE#         312
  C:00F6H         LINE#         313
  C:00F6H         LINE#         314
  -------         ENDPROC       _TIME_TRANS
  -------         ENDMOD        GUI_CTRL

  -------         MODULE        MODBUS
  C:0000H         SYMBOL        _ICE_DUMMY_
  D:0080H         PUBLIC        P0
  D:0090H         PUBLIC        P1
  C:37C6H         PUBLIC        Modbus_Event_Uart2
  C:39B9H         PUBLIC        Modbus_Event_Uart4
  C:34B1H         PUBLIC        Modbus_Event_Uart5
  D:00F8H         PUBLIC        RAMMODE
  D:00A8H         PUBLIC        IEN0
  D:00B8H         PUBLIC        IEN1
  D:0088H         PUBLIC        TCON
  D:00A7H         PUBLIC        SCON3T
  X:93EAH         PUBLIC        modbus5
  C:2BE4H         PUBLIC        _slave_to_master
  B:0080H.1       PUBLIC        TR5
  C:2800H         PUBLIC        Modbus_Fun03
  C:3532H         PUBLIC        Modbus_Fun06
  C:0103H         PUBLIC        Modbus_Fun16
  D:0098H         PUBLIC        SCON0
  D:00C8H         PUBLIC        T2CON
  C:3633H         PUBLIC        _MODBUS_CRC16
  C:342DH         PUBLIC        _write_slave_06
  D:00D0H         PUBLIC        PSW
  D:00C0H         PUBLIC        IRCON
  -------         PROC          MODBUS_EVENT_UART2
  -------         DO            
  D:0004H         SYMBOL        crc
  D:0006H         SYMBOL        rccrc
  -------         ENDDO         
  C:37C6H         LINE#         5
  C:37C6H         LINE#         6
  C:37C6H         LINE#         7
  C:37C9H         LINE#         10
  C:37D1H         LINE#         11
  C:37D1H         LINE#         13
  C:37D2H         LINE#         16
  C:37E0H         LINE#         17
  C:37FEH         LINE#         20
  C:3803H         LINE#         23
  C:380BH         LINE#         24
  C:380BH         LINE#         26
  C:3812H         LINE#         27
  C:3812H         LINE#         28
  C:3818H         LINE#         29
  C:3818H         LINE#         30
BL51 BANKED LINKER/LOCATER V6.22.4.0                                                  10/15/2025  21:46:46  PAGE 30


  C:3818H         LINE#         31
  C:3821H         LINE#         32
  C:3821H         LINE#         34
  C:3821H         LINE#         35
  C:3821H         LINE#         36
  C:3821H         LINE#         37
  C:3821H         LINE#         38
  C:3821H         LINE#         39
  C:3821H         LINE#         40
  -------         ENDPROC       MODBUS_EVENT_UART2
  -------         PROC          MODBUS_EVENT_UART4
  -------         DO            
  D:0004H         SYMBOL        crc
  D:0006H         SYMBOL        rccrc
  -------         ENDDO         
  C:39B9H         LINE#         42
  C:39B9H         LINE#         43
  C:39B9H         LINE#         44
  C:39BCH         LINE#         47
  C:39C4H         LINE#         48
  C:39C4H         LINE#         50
  C:39C5H         LINE#         53
  C:39D3H         LINE#         54
  C:39F1H         LINE#         57
  C:39F6H         LINE#         60
  C:39FEH         LINE#         61
  C:39FEH         LINE#         63
  C:3A05H         LINE#         64
  C:3A05H         LINE#         65
  C:3A05H         LINE#         66
  C:3A05H         LINE#         67
  C:3A05H         LINE#         69
  C:3A05H         LINE#         71
  C:3A05H         LINE#         72
  C:3A05H         LINE#         73
  C:3A05H         LINE#         74
  C:3A05H         LINE#         75
  C:3A05H         LINE#         76
  C:3A05H         LINE#         77
  -------         ENDPROC       MODBUS_EVENT_UART4
  -------         PROC          MODBUS_EVENT_UART5
  -------         DO            
  D:0004H         SYMBOL        crc
  D:0006H         SYMBOL        rccrc
  -------         ENDDO         
  C:34B1H         LINE#         79
  C:34B1H         LINE#         80
  C:34B1H         LINE#         81
  C:34B4H         LINE#         84
  C:34BCH         LINE#         85
  C:34BCH         LINE#         87
  C:34D7H         LINE#         88
  C:34FDH         LINE#         91
  C:3504H         LINE#         92
  C:3504H         LINE#         94
  C:350BH         LINE#         95
  C:350BH         LINE#         96
BL51 BANKED LINKER/LOCATER V6.22.4.0                                                  10/15/2025  21:46:46  PAGE 31


  C:3519H         LINE#         97
  C:3519H         LINE#         98
  C:351EH         LINE#         100
  C:3523H         LINE#         102
  C:3526H         LINE#         104
  C:3526H         LINE#         105
  C:3526H         LINE#         106
  C:3526H         LINE#         107
  C:3526H         LINE#         109
  C:352DH         LINE#         111
  C:3531H         LINE#         112
  C:3531H         LINE#         113
  -------         ENDPROC       MODBUS_EVENT_UART5
  -------         PROC          MODBUS_FUN03
  -------         DO            
  X:921EH         SYMBOL        i
  -------         ENDDO         
  C:2800H         LINE#         115
  C:2800H         LINE#         116
  C:2800H         LINE#         119
  C:2809H         LINE#         120
  C:2814H         LINE#         121
  C:2826H         LINE#         123
  C:282CH         LINE#         124
  C:2830H         LINE#         125
  C:2838H         LINE#         127
  C:2866H         LINE#         128
  C:2866H         LINE#         130
  C:286FH         LINE#         131
  C:289BH         LINE#         132
  C:289BH         LINE#         134
  C:289BH         LINE#         135
  C:289EH         LINE#         136
  C:289EH         LINE#         138
  C:28A0H         LINE#         140
  C:28A0H         LINE#         141
  C:28A3H         LINE#         142
  C:28A3H         LINE#         144
  C:28A5H         LINE#         147
  C:28A5H         LINE#         148
  C:28A8H         LINE#         149
  C:28A8H         LINE#         151
  C:28AAH         LINE#         154
  C:28AAH         LINE#         155
  C:28AFH         LINE#         156
  C:28B2H         LINE#         158
  C:28B4H         LINE#         161
  C:28B4H         LINE#         162
  C:28B9H         LINE#         163
  C:28C2H         LINE#         165
  C:28C4H         LINE#         168
  C:28C4H         LINE#         169
  C:28C7H         LINE#         170
  C:28C7H         LINE#         172
  C:28C9H         LINE#         175
  C:28C9H         LINE#         176
  C:28CCH         LINE#         177
BL51 BANKED LINKER/LOCATER V6.22.4.0                                                  10/15/2025  21:46:46  PAGE 32


  C:28CCH         LINE#         179
  C:28CEH         LINE#         182
  C:28CEH         LINE#         183
  C:28D1H         LINE#         184
  C:28D1H         LINE#         186
  C:28D3H         LINE#         189
  C:28D3H         LINE#         190
  C:28D6H         LINE#         191
  C:28D6H         LINE#         193
  C:28D8H         LINE#         196
  C:28D8H         LINE#         197
  C:28DBH         LINE#         198
  C:28DBH         LINE#         200
  C:28DDH         LINE#         203
  C:28DDH         LINE#         204
  C:28EAH         LINE#         205
  C:28EDH         LINE#         207
  C:28EDH         LINE#         209
  C:28EDH         LINE#         210
  C:28EDH         LINE#         211
  C:28EDH         LINE#         212
  C:290AH         LINE#         213
  C:2927H         LINE#         214
  C:2938H         LINE#         215
  C:2941H         LINE#         216
  C:294BH         LINE#         217
  C:294BH         LINE#         218
  C:2952H         LINE#         219
  C:295CH         LINE#         220
  C:295CH         LINE#         222
  -------         ENDPROC       MODBUS_FUN03
  -------         PROC          MODBUS_FUN06
  C:3532H         LINE#         224
  C:3532H         LINE#         225
  C:3532H         LINE#         226
  C:354CH         LINE#         227
  C:354CH         LINE#         229
  C:354CH         LINE#         230
  C:3559H         LINE#         232
  C:355BH         LINE#         235
  C:355BH         LINE#         236
  C:3568H         LINE#         238
  C:356AH         LINE#         241
  C:356AH         LINE#         242
  C:3577H         LINE#         244
  C:3579H         LINE#         247
  C:3579H         LINE#         248
  C:3586H         LINE#         250
  C:3588H         LINE#         253
  C:3588H         LINE#         254
  C:3595H         LINE#         256
  C:3597H         LINE#         259
  C:3597H         LINE#         260
  C:35A9H         LINE#         262
  C:35A9H         LINE#         282
  C:35A9H         LINE#         283
  C:35A9H         LINE#         284
BL51 BANKED LINKER/LOCATER V6.22.4.0                                                  10/15/2025  21:46:46  PAGE 33


  C:35A9H         LINE#         286
  -------         ENDPROC       MODBUS_FUN06
  -------         PROC          MODBUS_FUN16
  -------         DO            
  X:921EH         SYMBOL        i
  X:9338H         SYMBOL        chip_id
  X:9358H         SYMBOL        FW_set
  X:9378H         SYMBOL        FW_params
  X:9398H         SYMBOL        HS_version
  X:93B6H         SYMBOL        renwu_name
  X:93D6H         SYMBOL        dayin_mode
  -------         ENDDO         
  C:0103H         LINE#         297
  C:0103H         LINE#         298
  C:0103H         LINE#         307
  C:010CH         LINE#         308
  C:0114H         LINE#         309
  C:0126H         LINE#         311
  C:0153H         LINE#         312
  C:0153H         LINE#         313
  C:0168H         LINE#         314
  C:017BH         LINE#         315
  C:0331H         LINE#         316
  C:0331H         LINE#         318
  C:0331H         LINE#         321
  C:0331H         LINE#         324
  C:0331H         LINE#         327
  C:0331H         LINE#         330
  C:0331H         LINE#         332
  C:0331H         LINE#         335
  C:0331H         LINE#         338
  C:0331H         LINE#         341
  C:0331H         LINE#         344
  C:0331H         LINE#         347
  C:0331H         LINE#         350
  C:0331H         LINE#         353
  C:0331H         LINE#         354
  C:035AH         LINE#         356
  C:037EH         LINE#         357
  C:037EH         LINE#         359
  C:0387H         LINE#         360
  C:038EH         LINE#         361
  C:03A1H         LINE#         363
  C:03A8H         LINE#         364
  C:03B7H         LINE#         365
  C:03CBH         LINE#         366
  C:03DFH         LINE#         368
  C:03ECH         LINE#         369
  C:0403H         LINE#         370
  C:040AH         LINE#         371
  C:040AH         LINE#         372
  C:040AH         LINE#         374
  C:040AH         LINE#         377
  C:040AH         LINE#         378
  C:0433H         LINE#         380
  C:0461H         LINE#         381
  C:0461H         LINE#         382
BL51 BANKED LINKER/LOCATER V6.22.4.0                                                  10/15/2025  21:46:46  PAGE 34


  C:0477H         LINE#         383
  C:047FH         LINE#         384
  C:0482H         LINE#         385
  C:048FH         LINE#         386
  C:048FH         LINE#         387
  C:0498H         LINE#         388
  C:0498H         LINE#         389
  C:049AH         LINE#         390
  C:04B8H         LINE#         391
  C:04C4H         LINE#         392
  C:04D0H         LINE#         393
  C:04DCH         LINE#         394
  C:04E8H         LINE#         395
  C:04FCH         LINE#         396
  C:04FCH         LINE#         397
  C:04FCH         LINE#         399
  C:04FCH         LINE#         401
  C:04FCH         LINE#         402
  C:0526H         LINE#         403
  C:0528H         LINE#         404
  C:052BH         LINE#         406
  C:052BH         LINE#         407
  C:0555H         LINE#         408
  C:0557H         LINE#         409
  C:055AH         LINE#         411
  C:055AH         LINE#         412
  C:0584H         LINE#         413
  C:0586H         LINE#         414
  C:0589H         LINE#         416
  C:0589H         LINE#         417
  C:05B3H         LINE#         418
  C:05B5H         LINE#         419
  C:05B8H         LINE#         421
  C:05B8H         LINE#         422
  C:05E2H         LINE#         423
  C:05E4H         LINE#         424
  C:05E7H         LINE#         426
  C:05E7H         LINE#         427
  C:0611H         LINE#         428
  C:0613H         LINE#         429
  C:0616H         LINE#         431
  C:0616H         LINE#         432
  C:062CH         LINE#         433
  C:063BH         LINE#         434
  C:063EH         LINE#         435
  C:063EH         LINE#         436
  C:0654H         LINE#         437
  C:0663H         LINE#         438
  C:0666H         LINE#         439
  C:0666H         LINE#         440
  C:067CH         LINE#         441
  C:068BH         LINE#         442
  C:068EH         LINE#         443
  C:068EH         LINE#         444
  C:06A4H         LINE#         445
  C:06B3H         LINE#         446
  C:06B6H         LINE#         447
BL51 BANKED LINKER/LOCATER V6.22.4.0                                                  10/15/2025  21:46:46  PAGE 35


  C:06B6H         LINE#         448
  C:06CCH         LINE#         449
  C:06DBH         LINE#         450
  C:06EEH         LINE#         451
  C:06F1H         LINE#         453
  C:06F1H         LINE#         454
  C:071AH         LINE#         455
  C:071FH         LINE#         457
  C:072EH         LINE#         458
  C:073DH         LINE#         459
  C:0747H         LINE#         460
  C:074AH         LINE#         462
  C:074AH         LINE#         463
  C:0773H         LINE#         464
  C:0778H         LINE#         466
  C:0787H         LINE#         467
  C:0796H         LINE#         468
  C:07A0H         LINE#         469
  C:07A3H         LINE#         471
  C:07A3H         LINE#         472
  C:07CDH         LINE#         474
  C:07CFH         LINE#         475
  C:07D2H         LINE#         477
[...]
  C:0A8AH         LINE#         553
  C:0A8DH         LINE#         555
  C:0A8DH         LINE#         556
  C:0AB7H         LINE#         557
  C:0AB9H         LINE#         558
  C:0ABCH         LINE#         560
  C:0ABCH         LINE#         561
  C:0AE5H         LINE#         563
  C:0AF2H         LINE#         564
  C:0AF6H         LINE#         565
  C:0AF6H         LINE#         566
  C:0AFEH         LINE#         567
  C:0AFEH         LINE#         568
  C:0B18H         LINE#         569
  C:0B1DH         LINE#         570
  C:0B1DH         LINE#         571
  C:0B25H         LINE#         572
  C:0B25H         LINE#         573
  C:0B3FH         LINE#         574
  C:0B50H         LINE#         575
  C:0B54H         LINE#         576
  C:0B54H         LINE#         577
  C:0B5CH         LINE#         578
  C:0B5CH         LINE#         579
  C:0B70H         LINE#         581
BL51 BANKED LINKER/LOCATER V6.22.4.0                                                  10/15/2025  21:46:46  PAGE 37


  C:0B7FH         LINE#         582
  C:0B8EH         LINE#         583
  C:0B9DH         LINE#         584
  C:0BACH         LINE#         585
  C:0BB6H         LINE#         586
  C:0BB9H         LINE#         588
  C:0BB9H         LINE#         589
  C:0BDDH         LINE#         591
  C:0BE0H         LINE#         593
  C:0BE0H         LINE#         594
  C:0C04H         LINE#         596
  C:0C07H         LINE#         598
  C:0C07H         LINE#         599
  C:0C31H         LINE#         600
  C:0C38H         LINE#         601
  C:0C3CH         LINE#         602
  C:0C3EH         LINE#         604
  C:0C3EH         LINE#         605
  C:0C68H         LINE#         606
  C:0C6FH         LINE#         607
  C:0C76H         LINE#         608
  C:0C79H         LINE#         610
  C:0C79H         LINE#         611
  C:0C9DH         LINE#         612
  C:0CA0H         LINE#         614
  C:0CA0H         LINE#         615
  C:0CCAH         LINE#         616
  C:0CD1H         LINE#         617
  C:0CE0H         LINE#         618
  C:0CE3H         LINE#         620
  C:0CE3H         LINE#         621
  C:0D07H         LINE#         622
  C:0D09H         LINE#         624
  C:0D09H         LINE#         625
  C:0D2DH         LINE#         628
  C:0D2FH         LINE#         630
  C:0D2FH         LINE#         631
  C:0D53H         LINE#         632
  C:0D55H         LINE#         634
  C:0D55H         LINE#         635
  C:0D7EH         LINE#         638
  C:0D81H         LINE#         640
  C:0D81H         LINE#         641
  C:0DAAH         LINE#         643
  C:0DB5H         LINE#         644
  C:0DB5H         LINE#         646
  C:0DBFH         LINE#         648
  C:0DBFH         LINE#         649
  C:0DBFH         LINE#         651
  C:0DBFH         LINE#         653
  C:0DBFH         LINE#         654
  C:0DD5H         LINE#         655
  C:0DE4H         LINE#         656
  C:0DE7H         LINE#         657
  C:0DE7H         LINE#         658
  C:0DFDH         LINE#         659
  C:0E0CH         LINE#         660
BL51 BANKED LINKER/LOCATER V6.22.4.0                                                  10/15/2025  21:46:46  PAGE 38


  C:0E0FH         LINE#         661
  C:0E0FH         LINE#         662
  C:0E25H         LINE#         663
  C:0E34H         LINE#         664
  C:0E37H         LINE#         665
  C:0E37H         LINE#         666
  C:0E4DH         LINE#         667
  C:0E5CH         LINE#         668
  C:0E5FH         LINE#         669
  C:0E5FH         LINE#         670
  C:0E75H         LINE#         671
  C:0E84H         LINE#         672
  C:0E87H         LINE#         673
  C:0E87H         LINE#         674
  C:0E9DH         LINE#         675
  C:0EACH         LINE#         676
  C:0EAFH         LINE#         678
  C:0EAFH         LINE#         679
  C:0EC5H         LINE#         680
  C:0ED4H         LINE#         681
  C:0ED7H         LINE#         682
  C:0ED7H         LINE#         683
  C:0EEDH         LINE#         684
  C:0EFCH         LINE#         685
  C:0EFFH         LINE#         686
  C:0EFFH         LINE#         687
  C:0F15H         LINE#         688
  C:0F24H         LINE#         689
  C:0F27H         LINE#         690
  C:0F27H         LINE#         691
  C:0F3DH         LINE#         692
  C:0F4CH         LINE#         693
  C:0F4FH         LINE#         694
  C:0F4FH         LINE#         695
  C:0F65H         LINE#         696
  C:0F74H         LINE#         697
  C:0F77H         LINE#         698
  C:0F77H         LINE#         699
  C:0F8DH         LINE#         700
  C:0F9CH         LINE#         701
  C:0F9FH         LINE#         702
  C:0F9FH         LINE#         703
  C:0FB5H         LINE#         704
  C:0FC4H         LINE#         705
  C:0FC7H         LINE#         706
  C:0FC7H         LINE#         707
  C:0FDDH         LINE#         708
  C:0FECH         LINE#         709
  C:0FEFH         LINE#         711
  C:0FEFH         LINE#         712
  C:1005H         LINE#         713
  C:1014H         LINE#         714
  C:1027H         LINE#         715
  C:102AH         LINE#         717
  C:102AH         LINE#         718
  C:1040H         LINE#         719
  C:104FH         LINE#         720
BL51 BANKED LINKER/LOCATER V6.22.4.0                                                  10/15/2025  21:46:46  PAGE 39


  C:1052H         LINE#         721
  C:1052H         LINE#         722
  C:1068H         LINE#         723
  C:1077H         LINE#         724
  C:107AH         LINE#         725
  C:107AH         LINE#         726
  C:1090H         LINE#         727
  C:109FH         LINE#         728
  C:10A2H         LINE#         729
  C:10A2H         LINE#         730
  C:10B8H         LINE#         731
  C:10C7H         LINE#         732
  C:10CAH         LINE#         733
  C:10CAH         LINE#         734
  C:10E0H         LINE#         735
  C:10EFH         LINE#         736
  C:10F2H         LINE#         737
  C:10F2H         LINE#         738
  C:1108H         LINE#         739
  C:1117H         LINE#         740
  C:111AH         LINE#         742
  C:111AH         LINE#         743
  C:1130H         LINE#         744
  C:113FH         LINE#         745
  C:1142H         LINE#         746
  C:1142H         LINE#         747
  C:1158H         LINE#         748
  C:1167H         LINE#         749
  C:116AH         LINE#         750
  C:116AH         LINE#         751
  C:1180H         LINE#         752
  C:118FH         LINE#         753
  C:1192H         LINE#         754
  C:1192H         LINE#         755
  C:11A8H         LINE#         756
  C:11B7H         LINE#         757
  C:11BAH         LINE#         758
  C:11BAH         LINE#         759
  C:11D0H         LINE#         760
  C:11DFH         LINE#         761
  C:11E2H         LINE#         762
  C:11E2H         LINE#         763
  C:11F8H         LINE#         764
  C:1207H         LINE#         765
  C:120AH         LINE#         766
  C:120AH         LINE#         767
  C:1220H         LINE#         768
  C:122FH         LINE#         769
  C:1232H         LINE#         770
  C:1232H         LINE#         771
  C:1248H         LINE#         772
  C:1257H         LINE#         773
  C:125AH         LINE#         775
  C:125AH         LINE#         776
  C:1270H         LINE#         777
  C:127FH         LINE#         778
  C:1282H         LINE#         779
BL51 BANKED LINKER/LOCATER V6.22.4.0                                                  10/15/2025  21:46:46  PAGE 40


  C:1282H         LINE#         780
  C:1298H         LINE#         781
  C:12A7H         LINE#         782
  C:12BAH         LINE#         783
  C:12BDH         LINE#         785
  C:12BDH         LINE#         786
  C:12D3H         LINE#         787
  C:12E2H         LINE#         788
  C:12E5H         LINE#         789
  C:12E5H         LINE#         790
  C:12FBH         LINE#         791
  C:130AH         LINE#         792
  C:130DH         LINE#         793
  C:130DH         LINE#         794
  C:1323H         LINE#         795
  C:1332H         LINE#         796
  C:1335H         LINE#         797
  C:1335H         LINE#         798
  C:134BH         LINE#         799
  C:135AH         LINE#         800
  C:135DH         LINE#         801
  C:135DH         LINE#         802
  C:1373H         LINE#         803
  C:1382H         LINE#         804
  C:1385H         LINE#         805
  C:1385H         LINE#         806
  C:139BH         LINE#         807
  C:13AAH         LINE#         808
  C:13ADH         LINE#         810
  C:13ADH         LINE#         811
  C:13C3H         LINE#         812
  C:13D2H         LINE#         813
  C:13D5H         LINE#         814
  C:13D5H         LINE#         815
  C:13EBH         LINE#         816
  C:13FAH         LINE#         817
  C:13FDH         LINE#         818
  C:13FDH         LINE#         819
  C:1413H         LINE#         820
  C:1422H         LINE#         821
  C:1425H         LINE#         822
  C:1425H         LINE#         823
  C:143BH         LINE#         824
  C:144AH         LINE#         825
  C:144DH         LINE#         826
  C:144DH         LINE#         827
  C:1463H         LINE#         828
  C:1472H         LINE#         829
  C:1475H         LINE#         830
  C:1475H         LINE#         831
  C:148BH         LINE#         832
  C:149AH         LINE#         833
  C:149DH         LINE#         834
  C:149DH         LINE#         835
  C:14B3H         LINE#         836
  C:14C2H         LINE#         837
  C:14C5H         LINE#         838
BL51 BANKED LINKER/LOCATER V6.22.4.0                                                  10/15/2025  21:46:46  PAGE 41


  C:14C5H         LINE#         839
  C:14DBH         LINE#         840
  C:14EAH         LINE#         841
  C:14EDH         LINE#         843
  C:14EDH         LINE#         844
  C:1503H         LINE#         845
  C:1512H         LINE#         846
  C:1515H         LINE#         847
  C:1515H         LINE#         848
  C:152BH         LINE#         849
  C:153AH         LINE#         850
  C:154DH         LINE#         851
  C:1550H         LINE#         853
  C:1550H         LINE#         854
  C:1566H         LINE#         855
  C:1575H         LINE#         856
  C:1578H         LINE#         857
  C:1578H         LINE#         858
  C:158EH         LINE#         859
  C:159DH         LINE#         860
  C:15A0H         LINE#         861
  C:15A0H         LINE#         862
  C:15B6H         LINE#         863
  C:15C5H         LINE#         864
  C:15C8H         LINE#         865
  C:15C8H         LINE#         866
  C:15DEH         LINE#         867
  C:15EDH         LINE#         868
  C:15F0H         LINE#         869
  C:15F0H         LINE#         870
  C:1606H         LINE#         871
  C:1615H         LINE#         872
  C:1618H         LINE#         873
  C:1618H         LINE#         874
  C:162EH         LINE#         875
  C:163DH         LINE#         876
  C:1640H         LINE#         878
  C:1640H         LINE#         879
  C:1656H         LINE#         880
  C:1665H         LINE#         881
  C:1668H         LINE#         882
  C:1668H         LINE#         883
  C:167EH         LINE#         884
  C:168DH         LINE#         885
  C:1690H         LINE#         886
  C:1690H         LINE#         887
  C:16A6H         LINE#         888
  C:16B5H         LINE#         889
  C:16B8H         LINE#         890
  C:16B8H         LINE#         891
  C:16CEH         LINE#         892
  C:16DDH         LINE#         893
  C:16E0H         LINE#         894
  C:16E0H         LINE#         895
  C:16F6H         LINE#         896
  C:1705H         LINE#         897
  C:1708H         LINE#         898
BL51 BANKED LINKER/LOCATER V6.22.4.0                                                  10/15/2025  21:46:46  PAGE 42


  C:1708H         LINE#         899
  C:171EH         LINE#         900
  C:172DH         LINE#         901
  C:1730H         LINE#         902
  C:1730H         LINE#         903
  C:1746H         LINE#         904
  C:1755H         LINE#         905
  C:1758H         LINE#         906
  C:1758H         LINE#         907
  C:176EH         LINE#         908
  C:177DH         LINE#         909
  C:177FH         LINE#         911
  C:177FH         LINE#         912
  C:1795H         LINE#         913
  C:17A4H         LINE#         914
  C:17A6H         LINE#         915
  C:17A6H         LINE#         916
  C:17BCH         LINE#         917
  C:17CBH         LINE#         918
  C:17E1H         LINE#         919
  C:17E1H         LINE#         920
  C:17E1H         LINE#         921
  C:17E1H         LINE#         922
  C:17E1H         LINE#         923
  C:17EFH         LINE#         924
  C:1800H         LINE#         926
  -------         ENDPROC       MODBUS_FUN16
  -------         PROC          _WRITE_SLAVE_06
  X:9296H         SYMBOL        uart_num
  X:9297H         SYMBOL        reg_addr
  X:9299H         SYMBOL        reg_val_H
  X:929AH         SYMBOL        reg_val_L
  -------         DO            
  X:929BH         SYMBOL        send_buf
  D:0004H         SYMBOL        crc
  -------         ENDDO         
  C:342DH         LINE#         938
  C:343BH         LINE#         939
  C:343BH         LINE#         943
  C:3442H         LINE#         944
  C:3444H         LINE#         946
  C:344AH         LINE#         947
  C:344EH         LINE#         950
  C:345BH         LINE#         951
  C:345EH         LINE#         952
  C:3466H         LINE#         953
  C:346EH         LINE#         956
  C:347DH         LINE#         957
  C:3482H         LINE#         958
  C:3485H         LINE#         960
  C:3498H         LINE#         962
  C:349EH         LINE#         964
  C:34A0H         LINE#         966
  C:34A7H         LINE#         967
  C:34AAH         LINE#         968
  -------         ENDPROC       _WRITE_SLAVE_06
  -------         PROC          _SLAVE_TO_MASTER
BL51 BANKED LINKER/LOCATER V6.22.4.0                                                  10/15/2025  21:46:46  PAGE 43


  D:0007H         SYMBOL        code_num
  X:9220H         SYMBOL        length
  -------         DO            
  X:9221H         SYMBOL        crc
  -------         ENDDO         
  C:2BE4H         LINE#         980
  C:2BE9H         LINE#         981
  C:2BE9H         LINE#         984
  C:2C03H         LINE#         985
  C:2C03H         LINE#         986
  C:2C03H         LINE#         987
  C:2C1BH         LINE#         992
  C:2C33H         LINE#         993
  C:2C3DH         LINE#         995
  C:2C3DH         LINE#         997
  C:2C3FH         LINE#         999
  C:2C3FH         LINE#         1000
  C:2C57H         LINE#         1002
  C:2C6FH         LINE#         1003
  C:2C7DH         LINE#         1005
  C:2C83H         LINE#         1007
  C:2C85H         LINE#         1009
  C:2C85H         LINE#         1010
  C:2C9BH         LINE#         1011
  C:2C9FH         LINE#         1013
  C:2CA1H         LINE#         1015
  C:2CA1H         LINE#         1016
  C:2CB4H         LINE#         1018
  C:2CC9H         LINE#         1020
  C:2CD4H         LINE#         1021
  C:2CD7H         LINE#         1023
  C:2CDFH         LINE#         1025
  C:2CDFH         LINE#         1027
  C:2CDFH         LINE#         1028
  C:2CDFH         LINE#         1029
  C:2CDFH         LINE#         1031
  C:2CE1H         LINE#         1032
  C:2CE8H         LINE#         1033
  C:2CEBH         LINE#         1034
  -------         ENDPROC       _SLAVE_TO_MASTER
  -------         PROC          L?0279
  -------         ENDPROC       L?0279
  -------         PROC          _MODBUS_CRC16
  D:0001H         SYMBOL        buf
  X:92A3H         SYMBOL        length
  -------         DO            
  D:0005H         SYMBOL        i
  X:92A5H         SYMBOL        crc16
  -------         ENDDO         
  C:3633H         LINE#         1045
  C:363BH         LINE#         1046
  C:363BH         LINE#         1051
  C:3641H         LINE#         1054
  C:3641H         LINE#         1056
  C:364EH         LINE#         1057
  C:3650H         LINE#         1058
  C:3650H         LINE#         1060
BL51 BANKED LINKER/LOCATER V6.22.4.0                                                  10/15/2025  21:46:46  PAGE 44


  C:365BH         LINE#         1061
  C:365BH         LINE#         1062
  C:3672H         LINE#         1063
  C:3674H         LINE#         1066
  C:3674H         LINE#         1067
  C:367FH         LINE#         1068
  C:367FH         LINE#         1069
  C:3684H         LINE#         1070
  C:368BH         LINE#         1071
  C:3699H         LINE#         1073
  C:36A1H         LINE#         1074
  -------         ENDPROC       _MODBUS_CRC16
  -------         ENDMOD        MODBUS

  -------         MODULE        ?C?COPY
  C:1CF1H         PUBLIC        ?C?COPY
  -------         ENDMOD        ?C?COPY

  -------         MODULE        ?C?CLDPTR
  C:1D17H         PUBLIC        ?C?CLDPTR
  -------         ENDMOD        ?C?CLDPTR

  -------         MODULE        ?C?CLDOPTR
  C:1D30H         PUBLIC        ?C?CLDOPTR
  -------         ENDMOD        ?C?CLDOPTR

  -------         MODULE        ?C?CSTPTR
  C:1D5DH         PUBLIC        ?C?CSTPTR
  -------         ENDMOD        ?C?CSTPTR

  -------         MODULE        ?C?CSTOPTR
  C:1D6FH         PUBLIC        ?C?CSTOPTR
  -------         ENDMOD        ?C?CSTOPTR

  -------         MODULE        ?C?UIDIV
  C:1D91H         PUBLIC        ?C?UIDIV
  -------         ENDMOD        ?C?UIDIV

  -------         MODULE        ?C?IILDX
  C:1DE6H         PUBLIC        ?C?IILDX
  -------         ENDMOD        ?C?IILDX

  -------         MODULE        ?C?ILDIX
  C:1DFCH         PUBLIC        ?C?ILDIX
  -------         ENDMOD        ?C?ILDIX

  -------         MODULE        ?C?ILDPTR
  C:1E12H         PUBLIC        ?C?ILDPTR
  -------         ENDMOD        ?C?ILDPTR

  -------         MODULE        ?C?ULDIV
  C:1E79H         PUBLIC        ?C?ULDIV
  -------         ENDMOD        ?C?ULDIV

  -------         MODULE        ?C?ULCMP
  C:1F0BH         PUBLIC        ?C?ULCMP
  -------         ENDMOD        ?C?ULCMP
BL51 BANKED LINKER/LOCATER V6.22.4.0                                                  10/15/2025  21:46:46  PAGE 45



  -------         MODULE        ?C?ULSHR
  C:1F1CH         PUBLIC        ?C?ULSHR
  -------         ENDMOD        ?C?ULSHR

  -------         MODULE        ?C?LSTXDATA
  C:1F2FH         PUBLIC        ?C?LSTXDATA
  -------         ENDMOD        ?C?LSTXDATA

  -------         MODULE        ?C?LSTKXDATA
  C:1F3BH         PUBLIC        ?C?LSTKXDATA
  -------         ENDMOD        ?C?LSTKXDATA

  -------         MODULE        ?C?CCASE
  C:1F6CH         PUBLIC        ?C?CCASE
  -------         ENDMOD        ?C?CCASE

  -------         MODULE        ?C?ICASE
  C:1F92H         PUBLIC        ?C?ICASE
  -------         ENDMOD        ?C?ICASE

  -------         MODULE        PRINTF
  X:928BH         PUBLIC        ?_PRINTF517?BYTE
  X:928BH         PUBLIC        ?_PRINTF?BYTE
  X:928BH         PUBLIC        ?_SPRINTF517?BYTE
  X:928BH         PUBLIC        ?_SPRINTF?BYTE
  C:204AH         PUBLIC        _PRINTF
  C:204AH         PUBLIC        _PRINTF517
  C:2044H         PUBLIC        _SPRINTF
  C:2044H         PUBLIC        _SPRINTF517
  -------         ENDMOD        PRINTF

  -------         MODULE        ?C?PLDIXDATA
  C:1FBFH         PUBLIC        ?C?PLDIXDATA
  -------         ENDMOD        ?C?PLDIXDATA

  -------         MODULE        ?C?PSTXDATA
  C:1FD6H         PUBLIC        ?C?PSTXDATA
  -------         ENDMOD        ?C?PSTXDATA

*** WARNING L16: UNCALLED SEGMENT, IGNORED FOR OVERLAY PROCESS
    SEGMENT: ?PR?_UART4_SEND_STR?COMMUNICATION

*** WARNING L16: UNCALLED SEGMENT, IGNORED FOR OVERLAY PROCESS
    SEGMENT: ?PR?_DELAY_US?SYS

Program Size: data=22.0 xdata=5246 code=15456
LINK/LOCATE RUN COMPLETE.  2 WARNING(S),  0 ERROR(S)
