C51 COMPILER V9.60.7.0   TIM                                                               10/15/2025 21:46:45 PAGE 1   


C51 COMPILER V9.60.7.0, COMPILATION OF MODULE TIM
OBJECT MODULE PLACED IN ..\Output\tim.obj
COMPILER INVOKED BY: D:\APP\KEIL\MDK\C51\BIN\C51.EXE ..\Core\Src\tim.c LARGE OPTIMIZE(8,SPEED) BROWSE INCDIR(..\BSP\Inc;
                    -..\Core\Inc;..\Driver;..\SYSTEM;..\Emembed\Inc) DEBUG OBJECTEXTEND PRINT(.\Listings\tim.lst) TABS(2) OBJECT(..\Output\ti
                    -m.obj)

line level    source

   1          #include "tim.h"
   2          
   3          bit gui_scan_flag;
   4          
   5          void Tim0_Init( void )      //1ms
   6          {
   7   1          TMOD &= 0xfc;           //设置为16bit的定时器工作模式
   8   1          TMOD |= 0x01;           //T0_M1 = 0 T0_M0 = 0: 16位自动重装载模式 
   9   1      
  10   1          TH0   = (uint8_t)(T0_PERIOD_1MS>>8);
  11   1          TL0   = (uint8_t)T0_PERIOD_1MS;   
  12   1      
  13   1          ET0   = 1;              //使能中断
  14   1          TR0   = 1;              //启动T0定时器
  15   1          //TF0 = 0;              //硬件自动清0
  16   1      }
  17          
  18          void Tim1_Init( void )      //1ms
  19          {
  20   1          TMOD &= 0xcf;           //设置为16bit的定时器工作模式
  21   1          TMOD |= 0x10;           //T1_M1 = 0 T1_M0 = 0: 16位自动重装载模式 
  22   1      
  23   1          TH1   = (uint8_t)(T0_PERIOD_1MS>>8);
  24   1          TL1   = (uint8_t)T0_PERIOD_1MS;        
  25   1      
  26   1          ET1   = 1;              //使能中断
  27   1          TR1   = 1;              //启动T1定时器
  28   1          //TF1 = 0;              //硬件自动清0
  29   1      }
  30          
  31          void Tim0_Isr( void ) interrupt 1
  32          {
  33   1          static uint8_t press_scan_cnt = 0;
  34   1          static uint16_t paoji_cnt = 0;
  35   1      
  36   1          TH0   = (uint8_t)(T0_PERIOD_1MS>>8);
  37   1          TL0   = (uint8_t)T0_PERIOD_1MS;      
  38   1      
  39   1        if(T_O2 > 0)
  40   1          {
  41   2              T_O2--;
  42   2          }
  43   1      
  44   1          if( gui_scan_flag == 0 )
  45   1          {
  46   2              press_scan_cnt++;
  47   2              if( press_scan_cnt == 50 )
  48   2              {
  49   3                  press_scan_cnt = 0;
  50   3                  gui_scan_flag = 1;
  51   3              }
  52   2          }
  53   1      
C51 COMPILER V9.60.7.0   TIM                                                               10/15/2025 21:46:45 PAGE 2   

  54   1          if( hansen.paoji_flag  == 1 )
  55   1          {
  56   2              paoji_cnt++;
  57   2              if( paoji_cnt == 1000 )
  58   2              {
  59   3                  paoji_cnt = 0;
  60   3                  hansen.paoji_s++;
  61   3                  if( hansen.paoji_s == 60 )
  62   3                  {
  63   4                      hansen.paoji_s = 0;
  64   4                      hansen.paoji_min++;
  65   4                      if( hansen.paoji_min == 60 )
  66   4                      {
  67   5                          hansen.paoji_min = 0;
  68   5                          hansen.paoji_h++;
  69   5                      }
  70   4                  }
  71   3                  hansen.paoji_send = 1;
  72   3              }
  73   2          }else
  74   1          {
  75   2              hansen.paoji_send = 0;
  76   2              hansen.paoji_h = hansen.paoji_min = hansen.paoji_s = 0;
  77   2              paoji_cnt = 0;
  78   2          }
  79   1      }
  80          


MODULE INFORMATION:   STATIC OVERLAYABLE
   CODE SIZE        =    237    ----
   CONSTANT SIZE    =   ----    ----
   XDATA SIZE       =      3    ----
   PDATA SIZE       =   ----    ----
   DATA SIZE        =   ----    ----
   IDATA SIZE       =   ----    ----
   BIT SIZE         =      1    ----
END OF MODULE INFORMATION.


C51 COMPILATION COMPLETE.  0 WARNING(S),  0 ERROR(S)
