C51 COMPILER V9.60.7.0   EEPROM_CRL                                                        11/10/2025 17:15:52 PAGE 1   


C51 COMPILER V9.60.7.0, COMPILATION OF MODULE EEPROM_CRL
OBJECT MODULE PLACED IN ..\Output\eeprom_crl.obj
COMPILER INVOKED BY: D:\APP\KEIL\MDK\C51\BIN\C51.EXE ..\BSP\Src\eeprom_crl.c LARGE OPTIMIZE(8,SPEED) BROWSE INCDIR(..\BS
                    -P\Inc;..\Core\Inc;..\Driver;..\Emembed\Inc;..\SYSTEM\Inc) DEBUG OBJECTEXTEND PRINT(.\Listings\eeprom_crl.lst) TABS(2) OB
                    -JECT(..\Output\eeprom_crl.obj)

line level    source

   1          #include "eeprom_crl.h"
   2          
   3          /**
   4           * @brief eeprom状态判定，是否写入过
   5           *
   6           * @param   
   7           *
   8           * @return  void
   9          **/
  10          void eeprom_statu_judge( void )
  11          {
  12   1          uint8_t eeprom_statu_flag;
  13   1      
  14   1          eeprom_statu_flag = ISP_Read(EEPROM_STATU_JUDGE);
  15   1      
  16   1          if( eeprom_statu_flag != 0x58 )
  17   1          {
  18   2              slave_06.PostDry_switch     = 1;
  19   2              slave_06.PostDry_temp       = 80;
  20   2              slave_06.SF_switch          = 1;
  21   2              slave_06.SF_direction       = 0;
  22   2              slave_06.SF_level           = 30;
  23   2              slave_06.DF_switch          = 1;
  24   2              slave_06.DF_direction       = 0;
  25   2              slave_06.DF_level           = 30;
  26   2              slave_06.IW1_switch         = 1;
  27   2              slave_06.IW2_switch         = 1;
  28   2              slave_06.CW_switch          = 1;
  29   2              slave_06.MR_switch          = 1;
  30   2              slave_06.Insulation_switch  = 1;
  31   2              slave_06.Insulation_temp    = 80;
  32   2              slave_06.sync_switch        = 0;
  33   2      
  34   2              eeprom_data_record(); 
  35   2          }
  36   1          eeprom_data_init();    
  37   1      }
  38          
  39          /**
  40           * @brief 主机更改参数后写入
  41           *
  42           * @param   
  43           *
  44           * @return  void
  45          **/
  46          void eeprom_data_record( void )
  47          {
  48   1          ISP_Earse(0x0000);
  49   1      
  50   1          ISP_Write(PD_SWITCH,slave_06.PostDry_switch);
  51   1          ISP_Write(PD_TEMP,slave_06.PostDry_temp);
  52   1          ISP_Write(SF_SWITCH,slave_06.SF_switch);
  53   1          ISP_Write(SF_DIRECTION,slave_06.SF_direction);
C51 COMPILER V9.60.7.0   EEPROM_CRL                                                        11/10/2025 17:15:52 PAGE 2   

  54   1          ISP_Write(SF_LEVEL,slave_06.SF_level);
  55   1          ISP_Write(DF_SWITCH,slave_06.DF_switch);
  56   1          ISP_Write(DF_DIRECTION,slave_06.DF_direction);
  57   1          ISP_Write(DF_LEVEL,slave_06.DF_level);
  58   1          ISP_Write(IW1_SWITCH,slave_06.IW1_switch);
  59   1          ISP_Write(IW2_SWITCH,slave_06.IW2_switch);
  60   1          ISP_Write(CW_SWITCH,slave_06.CW_switch);
  61   1          ISP_Write(MR_SWITCH,slave_06.MR_switch);
  62   1          ISP_Write(INSU_SWITCH,slave_06.Insulation_switch);
  63   1          ISP_Write(INSU_TEMP,slave_06.Insulation_temp);
  64   1          ISP_Write(SYNC_SWITCH,slave_06.sync_switch);
  65   1      
  66   1          ISP_Write(EEPROM_STATU_JUDGE,0x58);
  67   1      
  68   1          delay_ms(10);
  69   1      }
  70          
  71          
  72          /**
  73           * @brief eeprom 数据初始化
  74           *
  75           * @param   
  76           *
  77           * @return  void
  78          **/
  79          void eeprom_data_init( void )
  80          {
  81   1          slave_06.PostDry_switch     = ISP_Read(PD_SWITCH);
  82   1          slave_06.PostDry_temp       = ISP_Read(PD_TEMP);
  83   1      
  84   1          slave_06.SF_switch          = ISP_Read(SF_SWITCH);
  85   1          slave_06.SF_direction       = ISP_Read(SF_DIRECTION);
  86   1          slave_06.SF_level           = ISP_Read(SF_LEVEL);
  87   1      
  88   1          slave_06.DF_switch          = ISP_Read(DF_SWITCH);
  89   1          slave_06.DF_direction       = ISP_Read(DF_DIRECTION);
  90   1          slave_06.DF_level           = ISP_Read(DF_LEVEL);
  91   1      
  92   1          slave_06.IW1_switch         = ISP_Read(IW1_SWITCH);
  93   1          slave_06.IW2_switch         = ISP_Read(IW2_SWITCH);
  94   1      
  95   1          slave_06.CW_switch          = ISP_Read(CW_SWITCH);
  96   1      
  97   1          slave_06.MR_switch          = ISP_Read(MR_SWITCH);
  98   1      
  99   1          slave_06.Insulation_switch  = ISP_Read(INSU_SWITCH);
 100   1          slave_06.Insulation_temp    = ISP_Read(INSU_TEMP);
 101   1      
 102   1          slave_06.sync_switch        = ISP_Read(SYNC_SWITCH);
 103   1      
 104   1          slave_06.power_switch       = 1;
 105   1      }


MODULE INFORMATION:   STATIC OVERLAYABLE
   CODE SIZE        =    454    ----
   CONSTANT SIZE    =   ----    ----
   XDATA SIZE       =   ----    ----
   PDATA SIZE       =   ----    ----
   DATA SIZE        =   ----    ----
   IDATA SIZE       =   ----    ----
   BIT SIZE         =   ----    ----
C51 COMPILER V9.60.7.0   EEPROM_CRL                                                        11/10/2025 17:15:52 PAGE 3   

END OF MODULE INFORMATION.


C51 COMPILATION COMPLETE.  0 WARNING(S),  0 ERROR(S)
