C51 COMPILER V9.60.7.0   NTC                                                               11/07/2025 01:00:32 PAGE 1   


C51 COMPILER V9.60.7.0, COMPILATION OF MODULE NTC
OBJECT MODULE PLACED IN ..\Output\ntc.obj
COMPILER INVOKED BY: D:\APP\KEIL\MDK\C51\BIN\C51.EXE ..\BSP\Src\ntc.c LARGE OPTIMIZE(8,SPEED) BROWSE INCDIR(..\BSP\Inc;.
                    -.\Core\Inc;..\Driver;..\Emembed\Inc;..\SYSTEM\Inc) DEBUG OBJECTEXTEND PRINT(.\Listings\ntc.lst) TABS(2) OBJECT(..\Output
                    -\ntc.obj)

line level    source

   1          #include "ntc.h"
   2          
   3          TEMP temp;
   4          
   5          /**
   6           * @brief 取10次adc_val均值对应的temp
   7           *
   8           * @param[in] channle_x ntc通道1~4
   9           * 
  10           * @return  temp :最终温度
  11           * 
  12          **/
  13          uint16_t get_adc( uint8_t channle_x )
  14          {
  15   1          uint8_t t;
  16   1          uint16_t adc_val = 0;
  17   1      
  18   1          /* 1, 取10次adc_val                           */
  19   1          for( t = 0; t < 10; t++ )
  20   1          {
  21   2            adc_val += Get_ADC_12bit(channle_x);
  22   2                  
  23   2          }        
  24   1          adc_val = adc_val/10;
  25   1      
  26   1      
  27   1          return adc_val;
  28   1      }
  29          
  30          uint16_t max6675_readRawVal( void )
  31          {
  32   1          uint16_t tmp=0;
  33   1          uint16_t i;
  34   1      
  35   1          TH_CS = 0;
  36   1      
  37   1          for(i = 0; i < 15; i++)
  38   1          {
  39   2              TH_SCK = 1;
  40   2              delay_us(10);
  41   2      
  42   2              if(TH_S01)
  43   2              {
  44   3                  tmp|=0x0001;
  45   3              }
  46   2              else 
  47   2              {
  48   3                  tmp |= 0;
  49   3              }
  50   2              tmp<<=1;
  51   2      
  52   2              TH_SCK = 0;
  53   2              delay_us(10);
C51 COMPILER V9.60.7.0   NTC                                                               11/07/2025 01:00:32 PAGE 2   

  54   2      
  55   2          }
  56   1      
  57   1          TH_CS = 1;
  58   1      
  59   1          if ( tmp & 0X04 )
  60   1          {
  61   2              tmp = 4096; //未检测到热电偶
  62   2          }
  63   1          else
  64   1          {
  65   2              tmp >>= 3;//去掉D0、1、2位
  66   2          }
  67   1          return tmp;
  68   1      }
  69           
  70          uint16_t max6675_readTemp( void )
  71          {
  72   1        uint16_t d;
  73   1        uint16_t i;
  74   1      
  75   1        d = max6675_readRawVal();
  76   1        delay_ms(1);
  77   1        i = (uint16_t)(d * (1023.75 / 4095));
  78   1      
  79   1          return i;
  80   1      }


MODULE INFORMATION:   STATIC OVERLAYABLE
   CODE SIZE        =    259    ----
   CONSTANT SIZE    =   ----    ----
   XDATA SIZE       =      3      10
   PDATA SIZE       =   ----    ----
   DATA SIZE        =   ----    ----
   IDATA SIZE       =   ----    ----
   BIT SIZE         =   ----    ----
END OF MODULE INFORMATION.


C51 COMPILATION COMPLETE.  0 WARNING(S),  0 ERROR(S)
