C51 COMPILER V9.60.7.0   EEPROM_CRL                                                        11/10/2025 16:56:01 PAGE 1   


C51 COMPILER V9.60.7.0, COMPILATION OF MODULE EEPROM_CRL
OBJECT MODULE PLACED IN ..\Output\eeprom_crl.obj
COMPILER INVOKED BY: D:\APP\KEIL\MDK\C51\BIN\C51.EXE ..\BSP\Src\eeprom_crl.c LARGE OPTIMIZE(8,SPEED) BROWSE INCDIR(..\BS
                    -P\Inc;..\Core\Inc;..\Driver;..\Emembed\Inc;..\SYSTEM\Inc) DEBUG OBJECTEXTEND PRINT(.\Listings\eeprom_crl.lst) TABS(2) OB
                    -JECT(..\Output\eeprom_crl.obj)

line level    source

   1          #include "eeprom_crl.h"
   2          
   3          /**
   4           * @brief eeprom状态判定，是否写入过
   5           *
   6           * @param   
   7           *
   8           * @return  void
   9          **/
  10          void eeprom_statu_judge( void )
  11          {
  12   1          uint8_t eeprom_statu_flag;
  13   1      
  14   1          eeprom_statu_flag = ISP_Read(EEPROM_STATU_JUDGE);
  15   1      
  16   1          if( eeprom_statu_flag == 0xFF)
  17   1          {
  18   2              slave_06.F_switch           = 0;
  19   2              slave_06.M_switch           = 0;
  20   2              slave_06.R_switch           = 0;
  21   2              slave_06.F_alarm_val        = 0x50;          //NTC1 alarm value 默认80℃
  22   2              slave_06.M_alarm_val        = 0x50;          //NTC2 alarm value 默认80℃  
  23   2              slave_06.R_alarm_val        = 0x50;          //NTC3 alarm value 默认80℃ 
  24   2              slave_06.fan_level          = 0x04;          //011 pwm7默认开3档风速
  25   2              slave_06.fan_switch         = 0;
  26   2              slave_06.led_switch         = 0;          //0000000 1  led默认开
  27   2              eeprom_data_record(); 
  28   2          }
  29   1          eeprom_data_init();    
  30   1      }
  31          
  32          /**
  33           * @brief eeprom 数据写入
  34           *
  35           * @param   
  36           *
  37           * @return  void
  38          **/
  39          void eeprom_data_record( void )
  40          {
  41   1          ISP_Earse(0x0000);
  42   1      
  43   1          ISP_Write(F_AC_SWITCH,slave_06.F_switch);
  44   1          ISP_Write(M_AC_SWITCH,slave_06.M_switch);
  45   1          ISP_Write(R_AC_SWITCH,slave_06.R_switch);
  46   1          ISP_Write(F_TEMP_ALARM,slave_06.F_alarm_val);
  47   1          ISP_Write(M_TEMP_ALARM,slave_06.M_alarm_val);
  48   1          ISP_Write(R_TEMP_ALARM,slave_06.R_alarm_val);
  49   1          ISP_Write(LED_ADDR,slave_06.led_switch);
  50   1          ISP_Write(FAN_ADDR,slave_06.fan_level);
  51   1          ISP_Write(FAN_SWITCH,slave_06.fan_switch);
  52   1      
  53   1          ISP_Write(EEPROM_STATU_JUDGE,0x58);
C51 COMPILER V9.60.7.0   EEPROM_CRL                                                        11/10/2025 16:56:01 PAGE 2   

  54   1      }
  55          
  56          /**
  57           * @brief eeprom 数据初始化
  58           *
  59           * @param   
  60           *
  61           * @return  void
  62          **/
  63          void eeprom_data_init( void )
  64          {
  65   1          /*    LED开关状态初始化    */
  66   1          slave_06.led_switch = ISP_Read(LED_ADDR);
  67   1          led_ctrl(slave_06.led_switch);
  68   1      
  69   1          /*    PWM7、PWM8 风速及开关状态初始化    */
  70   1          slave_06.fan_level  = ISP_Read(FAN_ADDR);
  71   1          slave_06.fan_switch = ISP_Read(FAN_SWITCH);
  72   1          fan_ctrl(slave_06.fan_switch,slave_06.fan_level);
  73   1      
  74   1          /*    220V输出开关状态初始化    */
  75   1          slave_06.F_switch = ISP_Read(F_AC_SWITCH);
  76   1          slave_06.M_switch = ISP_Read(M_AC_SWITCH);
  77   1          slave_06.R_switch = ISP_Read(R_AC_SWITCH);
  78   1          slave_06.F_alarm_val = ISP_Read(F_TEMP_ALARM);
  79   1          slave_06.M_alarm_val = ISP_Read(M_TEMP_ALARM);
  80   1          slave_06.R_alarm_val = ISP_Read(R_TEMP_ALARM);
  81   1      }


MODULE INFORMATION:   STATIC OVERLAYABLE
   CODE SIZE        =    288    ----
   CONSTANT SIZE    =   ----    ----
   XDATA SIZE       =   ----    ----
   PDATA SIZE       =   ----    ----
   DATA SIZE        =   ----    ----
   IDATA SIZE       =   ----    ----
   BIT SIZE         =   ----    ----
END OF MODULE INFORMATION.


C51 COMPILATION COMPLETE.  0 WARNING(S),  0 ERROR(S)
