C51 COMPILER V9.60.7.0   MAIN                                                              11/21/2025 17:16:30 PAGE 1   


C51 COMPILER V9.60.7.0, COMPILATION OF MODULE MAIN
OBJECT MODULE PLACED IN ..\Output\main.obj
COMPILER INVOKED BY: D:\APP\KEIL\MDK\C51\BIN\C51.EXE ..\Core\Src\main.c LARGE OPTIMIZE(8,SPEED) BROWSE INCDIR(..\BSP\Inc
                    -;..\Core\Inc;..\Driver;..\Emembed\Inc;..\SYSTEM\Inc) DEBUG OBJECTEXTEND PRINT(.\Listings\main.lst) TABS(2) OBJECT(..\Out
                    -put\main.obj)

line level    source

   1          #include "main.h"
   2          
   3          void main( void )
   4          {
   5   1          P_SW2 |= 0x80;
   6   1          
   7   1          GPIO_Init();
   8   1          Power_Init();
   9   1      
  10   1          /*  调试使用 printf  */
  11   1          Uart1_Init();
  12   1      
  13   1          /*  485控制  */
  14   1          Uart4_Init();               //串口4用作485
  15   1          Uart4_Send_Statu_Init();    //接收发送初始化
  16   1          Timer0_Init();              //不定长数据接收
  17   1      
  18   1          /*  PWM控制  */
  19   1          PWM_Init();
  20   1      
  21   1          /*  3路220输出控制  */
  22   1          Timer1_Init();
  23   1          Temp_Init();
  24   1          
  25   1          /*  定时事件  */
  26   1          Timer3_Init();
  27   1      
  28   1          EA = 1;     //中断总开关
  29   1      
  30   1          eeprom_statu_judge();       //EEPROM初始化
  31   1      
  32   1          printf("========== code start ========== \r\n");
  33   1          printf("========== TS70_HEATA 2025.11.21 ========== \r\n");
  34   1      
  35   1          while (1)
  36   1          {
  37   2              Modbus_Event();
  38   2              ac_dc_ctrl();
  39   2              temp_scan();
  40   2          }  
  41   1      }


MODULE INFORMATION:   STATIC OVERLAYABLE
   CODE SIZE        =     67    ----
   CONSTANT SIZE    =     83    ----
   XDATA SIZE       =   ----    ----
   PDATA SIZE       =   ----    ----
   DATA SIZE        =   ----    ----
   IDATA SIZE       =   ----    ----
   BIT SIZE         =   ----    ----
END OF MODULE INFORMATION.


C51 COMPILATION COMPLETE.  0 WARNING(S),  0 ERROR(S)
